matrix-00-rep1-phase-a-w16-width1-uniform: tx/s=4525 p99=6263us wal_b_per_tx=4224.0
matrix-00-rep1-page-delta-w16-width1-uniform: tx/s=8596 p99=3170us wal_b_per_tx=226.8
matrix-01-rep1-phase-a-w16-width1-same-leaf-heavy: tx/s=4937 p99=5917us wal_b_per_tx=4224.0
matrix-01-rep1-page-delta-w16-width1-same-leaf-heavy: tx/s=9632 p99=2774us wal_b_per_tx=160.6
matrix-02-rep1-phase-a-w16-width1-different-leaf-heavy: tx/s=4751 p99=6428us wal_b_per_tx=4224.0
matrix-02-rep1-page-delta-w16-width1-different-leaf-heavy: tx/s=8725 p99=2964us wal_b_per_tx=203.2
matrix-03-rep1-phase-a-w16-width16-uniform: tx/s=1157 p99=28737us wal_b_per_tx=66495.9
matrix-03-rep1-page-delta-w16-width16-uniform: tx/s=1901 p99=16200us wal_b_per_tx=2612.8
matrix-04-rep1-phase-a-w16-width16-same-leaf-heavy: tx/s=3302 p99=8757us wal_b_per_tx=8380.0
matrix-04-rep1-page-delta-w16-width16-same-leaf-heavy: tx/s=6026 p99=3837us wal_b_per_tx=889.1
matrix-05-rep1-phase-a-w16-width16-different-leaf-heavy: tx/s=3249 p99=10152us wal_b_per_tx=8380.0
matrix-05-rep1-page-delta-w16-width16-different-leaf-heavy: tx/s=5389 p99=6320us wal_b_per_tx=1354.5
matrix-06-rep1-phase-a-w64-width1-uniform: tx/s=11413 p99=23994us wal_b_per_tx=4224.0
matrix-06-rep1-page-delta-w64-width1-uniform: tx/s=24089 p99=5044us wal_b_per_tx=226.7
matrix-07-rep1-phase-a-w64-width1-same-leaf-heavy: tx/s=11616 p99=11871us wal_b_per_tx=4224.0
matrix-07-rep1-page-delta-w64-width1-same-leaf-heavy: tx/s=33042 p99=3600us wal_b_per_tx=157.1
matrix-08-rep1-phase-a-w64-width1-different-leaf-heavy: tx/s=12600 p99=9108us wal_b_per_tx=4224.0
matrix-08-rep1-page-delta-w64-width1-different-leaf-heavy: tx/s=25955 p99=6083us wal_b_per_tx=197.7
matrix-09-rep1-phase-a-w64-width16-uniform: tx/s=1170 p99=100618us wal_b_per_tx=66487.4
matrix-09-rep1-page-delta-w64-width16-uniform: tx/s=2012 p99=60278us wal_b_per_tx=2610.3
matrix-10-rep1-phase-a-w64-width16-same-leaf-heavy: tx/s=5762 p99=20786us wal_b_per_tx=8380.0
matrix-10-rep1-page-delta-w64-width16-same-leaf-heavy: tx/s=10703 p99=9484us wal_b_per_tx=400.4
matrix-11-rep1-phase-a-w64-width16-different-leaf-heavy: tx/s=4724 p99=25969us wal_b_per_tx=8380.0
matrix-11-rep1-page-delta-w64-width16-different-leaf-heavy: tx/s=5900 p99=19414us wal_b_per_tx=1364.2
matrix-12-rep1-phase-a-w1-width1-uniform: tx/s=1288 p99=1366us wal_b_per_tx=4224.0
matrix-12-rep1-page-delta-w1-width1-uniform: tx/s=1362 p99=1064us wal_b_per_tx=227.0
matrix-13-rep1-phase-a-w1-width16-uniform: tx/s=390 p99=3414us wal_b_per_tx=66493.8
matrix-13-rep1-page-delta-w1-width16-uniform: tx/s=813 p99=1628us wal_b_per_tx=2622.6
matrix-00-rep2-page-delta-w16-width1-uniform: tx/s=8060 p99=3320us wal_b_per_tx=226.8
matrix-00-rep2-phase-a-w16-width1-uniform: tx/s=4428 p99=6453us wal_b_per_tx=4224.0
matrix-01-rep2-page-delta-w16-width1-same-leaf-heavy: tx/s=9497 p99=2789us wal_b_per_tx=160.5
matrix-01-rep2-phase-a-w16-width1-same-leaf-heavy: tx/s=4851 p99=7220us wal_b_per_tx=4224.0
matrix-02-rep2-page-delta-w16-width1-different-leaf-heavy: tx/s=8490 p99=3033us wal_b_per_tx=200.9
matrix-02-rep2-phase-a-w16-width1-different-leaf-heavy: tx/s=4666 p99=7977us wal_b_per_tx=4224.0
matrix-03-rep2-page-delta-w16-width16-uniform: tx/s=1976 p99=15680us wal_b_per_tx=2636.8
matrix-03-rep2-phase-a-w16-width16-uniform: tx/s=1101 p99=32030us wal_b_per_tx=66504.4
matrix-04-rep2-page-delta-w16-width16-same-leaf-heavy: tx/s=6108 p99=4109us wal_b_per_tx=800.2
matrix-04-rep2-phase-a-w16-width16-same-leaf-heavy: tx/s=3320 p99=7577us wal_b_per_tx=8380.0
matrix-05-rep2-page-delta-w16-width16-different-leaf-heavy: tx/s=5570 p99=5742us wal_b_per_tx=1354.6
matrix-05-rep2-phase-a-w16-width16-different-leaf-heavy: tx/s=3405 p99=9535us wal_b_per_tx=8380.0
matrix-06-rep2-page-delta-w64-width1-uniform: tx/s=24266 p99=4981us wal_b_per_tx=226.7
matrix-06-rep2-phase-a-w64-width1-uniform: tx/s=12413 p99=9729us wal_b_per_tx=4224.0
matrix-07-rep2-page-delta-w64-width1-same-leaf-heavy: tx/s=32785 p99=3686us wal_b_per_tx=157.1
matrix-07-rep2-phase-a-w64-width1-same-leaf-heavy: tx/s=11238 p99=9073us wal_b_per_tx=4224.0
matrix-08-rep2-page-delta-w64-width1-different-leaf-heavy: tx/s=26880 p99=4783us wal_b_per_tx=200.3
matrix-08-rep2-phase-a-w64-width1-different-leaf-heavy: tx/s=12358 p99=9135us wal_b_per_tx=4224.0
matrix-09-rep2-page-delta-w64-width16-uniform: tx/s=2055 p99=58923us wal_b_per_tx=2623.9
matrix-09-rep2-phase-a-w64-width16-uniform: tx/s=1173 p99=102166us wal_b_per_tx=66495.2
matrix-10-rep2-page-delta-w64-width16-same-leaf-heavy: tx/s=10767 p99=10604us wal_b_per_tx=407.7
matrix-10-rep2-phase-a-w64-width16-same-leaf-heavy: tx/s=5775 p99=21638us wal_b_per_tx=8380.0
matrix-11-rep2-page-delta-w64-width16-different-leaf-heavy: tx/s=5949 p99=19658us wal_b_per_tx=1364.1
matrix-11-rep2-phase-a-w64-width16-different-leaf-heavy: tx/s=4722 p99=26329us wal_b_per_tx=8380.0
matrix-12-rep2-page-delta-w1-width1-uniform: tx/s=1413 p99=1050us wal_b_per_tx=226.9
matrix-12-rep2-phase-a-w1-width1-uniform: tx/s=1316 p99=1376us wal_b_per_tx=4224.0
matrix-13-rep2-page-delta-w1-width16-uniform: tx/s=810 p99=1738us wal_b_per_tx=2624.4
matrix-13-rep2-phase-a-w1-width16-uniform: tx/s=386 p99=3250us wal_b_per_tx=66503.7
matrix-00-rep3-phase-a-w16-width1-uniform: tx/s=4477 p99=6208us wal_b_per_tx=4224.0
matrix-00-rep3-page-delta-w16-width1-uniform: tx/s=7977 p99=3228us wal_b_per_tx=226.8
matrix-01-rep3-phase-a-w16-width1-same-leaf-heavy: tx/s=4912 p99=5808us wal_b_per_tx=4224.0
matrix-01-rep3-page-delta-w16-width1-same-leaf-heavy: tx/s=9294 p99=2917us wal_b_per_tx=160.5
matrix-02-rep3-phase-a-w16-width1-different-leaf-heavy: tx/s=4720 p99=6161us wal_b_per_tx=4224.0
matrix-02-rep3-page-delta-w16-width1-different-leaf-heavy: tx/s=8355 p99=3158us wal_b_per_tx=199.9
matrix-03-rep3-phase-a-w16-width16-uniform: tx/s=1105 p99=29133us wal_b_per_tx=66515.2
matrix-03-rep3-page-delta-w16-width16-uniform: tx/s=1894 p99=16178us wal_b_per_tx=2613.8
matrix-04-rep3-phase-a-w16-width16-same-leaf-heavy: tx/s=3332 p99=7356us wal_b_per_tx=8380.0
matrix-04-rep3-page-delta-w16-width16-same-leaf-heavy: tx/s=5914 p99=4232us wal_b_per_tx=945.8
matrix-05-rep3-phase-a-w16-width16-different-leaf-heavy: tx/s=3379 p99=9505us wal_b_per_tx=8380.0
matrix-05-rep3-page-delta-w16-width16-different-leaf-heavy: tx/s=5636 p99=5633us wal_b_per_tx=1354.7
matrix-06-rep3-phase-a-w64-width1-uniform: tx/s=12372 p99=9660us wal_b_per_tx=4224.0
matrix-06-rep3-page-delta-w64-width1-uniform: tx/s=24349 p99=5149us wal_b_per_tx=226.7
matrix-07-rep3-phase-a-w64-width1-same-leaf-heavy: tx/s=11425 p99=8073us wal_b_per_tx=4224.0
matrix-07-rep3-page-delta-w64-width1-same-leaf-heavy: tx/s=32863 p99=4031us wal_b_per_tx=157.1
matrix-08-rep3-phase-a-w64-width1-different-leaf-heavy: tx/s=12486 p99=9471us wal_b_per_tx=4224.0
matrix-08-rep3-page-delta-w64-width1-different-leaf-heavy: tx/s=26729 p99=5071us wal_b_per_tx=200.2
matrix-09-rep3-phase-a-w64-width16-uniform: tx/s=1174 p99=82477us wal_b_per_tx=66488.2
matrix-09-rep3-page-delta-w64-width16-uniform: tx/s=2012 p99=59313us wal_b_per_tx=2601.8
matrix-10-rep3-phase-a-w64-width16-same-leaf-heavy: tx/s=5800 p99=23158us wal_b_per_tx=8380.0
matrix-10-rep3-page-delta-w64-width16-same-leaf-heavy: tx/s=10835 p99=9302us wal_b_per_tx=426.2
matrix-11-rep3-phase-a-w64-width16-different-leaf-heavy: tx/s=4734 p99=25640us wal_b_per_tx=8380.0
matrix-11-rep3-page-delta-w64-width16-different-leaf-heavy: tx/s=5974 p99=19680us wal_b_per_tx=1364.1
matrix-12-rep3-phase-a-w1-width1-uniform: tx/s=1351 p99=1158us wal_b_per_tx=4224.0
matrix-12-rep3-page-delta-w1-width1-uniform: tx/s=1392 p99=1105us wal_b_per_tx=227.0
matrix-13-rep3-phase-a-w1-width16-uniform: tx/s=389 p99=3131us wal_b_per_tx=66508.5
matrix-13-rep3-page-delta-w1-width16-uniform: tx/s=813 p99=1824us wal_b_per_tx=2604.2
