counters-disabled-09-rep1-e1-churn-w64-width16-uniform: tx/s=2469 p99=48464us par_groups=228 fallback=1
counters-disabled-06-rep1-e1-churn-w64-width1-uniform: tx/s=38822 p99=3733us par_groups=3657 fallback=0
counters-disabled-09-rep2-e1-churn-w64-width16-uniform: tx/s=2471 p99=48463us par_groups=220 fallback=3
counters-disabled-06-rep2-e1-churn-w64-width1-uniform: tx/s=39325 p99=4316us par_groups=3663 fallback=0
stepe1-disabled-09-rep1-e1-w64-width16-uniform: tx/s=2916 p99=45106us par_groups=267 fallback=3
stepe1-disabled-09-rep1-phase-d-w64-width16-uniform: tx/s=2746 p99=42867us par_groups=240 fallback=2
stepe1-real-09-rep1-phase-d-w64-width16-uniform: tx/s=2253 p99=50829us par_groups=226 fallback=1
stepe1-real-09-rep1-e1-w64-width16-uniform: tx/s=2685 p99=44084us par_groups=216 fallback=1
stepe1-real-06-rep1-e1-w64-width1-uniform: tx/s=26132 p99=6089us par_groups=2150 fallback=0
stepe1-real-06-rep1-phase-d-w64-width1-uniform: tx/s=25308 p99=5266us par_groups=2079 fallback=0
stepe1-disabled-09-rep2-phase-d-w64-width16-uniform: tx/s=2684 p99=45819us par_groups=240 fallback=3
stepe1-disabled-09-rep2-e1-w64-width16-uniform: tx/s=2779 p99=60225us par_groups=265 fallback=3
stepe1-real-09-rep2-e1-w64-width16-uniform: tx/s=2517 p99=48538us par_groups=201 fallback=3
stepe1-real-09-rep2-phase-d-w64-width16-uniform: tx/s=2480 p99=45528us par_groups=197 fallback=3
stepe1-real-06-rep2-phase-d-w64-width1-uniform: tx/s=26148 p99=4688us par_groups=2125 fallback=0
stepe1-real-06-rep2-e1-w64-width1-uniform: tx/s=27002 p99=4568us par_groups=2182 fallback=0
stepe1-disabled-09-rep3-e1-w64-width16-uniform: tx/s=3062 p99=38701us par_groups=277 fallback=1
stepe1-disabled-09-rep3-phase-d-w64-width16-uniform: tx/s=2739 p99=49021us par_groups=273 fallback=1
stepe1-real-09-rep3-phase-d-w64-width16-uniform: tx/s=2505 p99=48157us par_groups=202 fallback=0
stepe1-real-09-rep3-e1-w64-width16-uniform: tx/s=2609 p99=44557us par_groups=216 fallback=1
stepe1-real-06-rep3-e1-w64-width1-uniform: tx/s=26531 p99=4998us par_groups=2168 fallback=0
stepe1-real-06-rep3-phase-d-w64-width1-uniform: tx/s=26598 p99=4626us par_groups=2160 fallback=0
