counters-disabled-09-rep1-e2a-churn-w64-width16-uniform: tx/s=2693 p99=54300us par_groups=254 fallback=1
counters-disabled-06-rep1-e2a-churn-w64-width1-uniform: tx/s=41375 p99=4261us par_groups=3955 fallback=0
counters-disabled-09-rep2-e2a-churn-w64-width16-uniform: tx/s=2703 p99=50271us par_groups=251 fallback=3
counters-disabled-06-rep2-e2a-churn-w64-width1-uniform: tx/s=42072 p99=3690us par_groups=3862 fallback=0
stepe2a-disabled-09-rep1-e2a-w64-width16-uniform: tx/s=3119 p99=50273us par_groups=275 fallback=3
stepe2a-disabled-09-rep1-e1-w64-width16-uniform: tx/s=2891 p99=48385us par_groups=255 fallback=3
stepe2a-disabled-09-rep1-phase-d-w64-width16-uniform: tx/s=2696 p99=44047us par_groups=243 fallback=2
stepe2a-real-09-rep1-e1-w64-width16-uniform: tx/s=2634 p99=43327us par_groups=223 fallback=1
stepe2a-real-09-rep1-phase-d-w64-width16-uniform: tx/s=2409 p99=43169us par_groups=200 fallback=1
stepe2a-real-09-rep1-e2a-w64-width16-uniform: tx/s=2759 p99=43201us par_groups=234 fallback=3
stepe2a-real-06-rep1-e1-w64-width1-uniform: tx/s=26614 p99=4802us par_groups=2179 fallback=0
stepe2a-real-06-rep1-phase-d-w64-width1-uniform: tx/s=25417 p99=6221us par_groups=2079 fallback=0
stepe2a-real-06-rep1-e2a-w64-width1-uniform: tx/s=27099 p99=4875us par_groups=2195 fallback=0
stepe2a-disabled-09-rep2-e1-w64-width16-uniform: tx/s=2848 p99=45925us par_groups=257 fallback=3
stepe2a-disabled-09-rep2-phase-d-w64-width16-uniform: tx/s=2647 p99=43329us par_groups=216 fallback=3
stepe2a-disabled-09-rep2-e2a-w64-width16-uniform: tx/s=2927 p99=42675us par_groups=275 fallback=3
stepe2a-real-09-rep2-phase-d-w64-width16-uniform: tx/s=2476 p99=47840us par_groups=196 fallback=3
stepe2a-real-09-rep2-e2a-w64-width16-uniform: tx/s=2900 p99=40664us par_groups=231 fallback=3
stepe2a-real-09-rep2-e1-w64-width16-uniform: tx/s=2652 p99=39408us par_groups=214 fallback=3
stepe2a-real-06-rep2-phase-d-w64-width1-uniform: tx/s=25243 p99=5966us par_groups=2089 fallback=0
stepe2a-real-06-rep2-e2a-w64-width1-uniform: tx/s=28022 p99=4450us par_groups=2297 fallback=0
stepe2a-real-06-rep2-e1-w64-width1-uniform: tx/s=24323 p99=5471us par_groups=1996 fallback=0
stepe2a-disabled-09-rep3-phase-d-w64-width16-uniform: tx/s=2716 p99=44729us par_groups=236 fallback=1
stepe2a-disabled-09-rep3-e2a-w64-width16-uniform: tx/s=3353 p99=38762us par_groups=278 fallback=1
stepe2a-disabled-09-rep3-e1-w64-width16-uniform: tx/s=3079 p99=39005us par_groups=267 fallback=1
stepe2a-real-09-rep3-e2a-w64-width16-uniform: tx/s=2803 p99=43564us par_groups=236 fallback=1
stepe2a-real-09-rep3-e1-w64-width16-uniform: tx/s=2706 p99=44465us par_groups=216 fallback=1
stepe2a-real-09-rep3-phase-d-w64-width16-uniform: tx/s=2520 p99=47692us par_groups=202 fallback=0
stepe2a-real-06-rep3-e2a-w64-width1-uniform: tx/s=27474 p99=4483us par_groups=2270 fallback=0
stepe2a-real-06-rep3-e1-w64-width1-uniform: tx/s=25722 p99=5459us par_groups=2117 fallback=0
stepe2a-real-06-rep3-phase-d-w64-width1-uniform: tx/s=26036 p99=4936us par_groups=2124 fallback=0
