counters-disabled-09-rep1-e2b-churn-w64-width16-uniform: tx/s=2779 p99=42621us par_groups=282 fallback=3
counters-disabled-06-rep1-e2b-churn-w64-width1-uniform: tx/s=44381 p99=3321us par_groups=4244 fallback=0
counters-disabled-09-rep2-e2b-churn-w64-width16-uniform: tx/s=2972 p99=52581us par_groups=260 fallback=3
counters-disabled-06-rep2-e2b-churn-w64-width1-uniform: tx/s=45431 p99=3159us par_groups=4102 fallback=0
stepe2b-disabled-09-rep1-e2b-w64-width16-uniform: tx/s=3250 p99=40637us par_groups=303 fallback=4
stepe2b-disabled-09-rep1-e2a-w64-width16-uniform: tx/s=3242 p99=36075us par_groups=283 fallback=4
stepe2b-disabled-09-rep1-phase-d-w64-width16-uniform: tx/s=2726 p99=49411us par_groups=235 fallback=2
stepe2b-real-09-rep1-e2a-w64-width16-uniform: tx/s=2880 p99=41211us par_groups=228 fallback=3
stepe2b-real-09-rep1-phase-d-w64-width16-uniform: tx/s=2423 p99=48666us par_groups=199 fallback=1
stepe2b-real-09-rep1-e2b-w64-width16-uniform: tx/s=2897 p99=34905us par_groups=230 fallback=3
stepe2b-real-06-rep1-e2a-w64-width1-uniform: tx/s=27731 p99=4537us par_groups=2234 fallback=0
stepe2b-real-06-rep1-phase-d-w64-width1-uniform: tx/s=26092 p99=4821us par_groups=2118 fallback=0
stepe2b-real-06-rep1-e2b-w64-width1-uniform: tx/s=27890 p99=4935us par_groups=2279 fallback=0
stepe2b-disabled-09-rep2-e2a-w64-width16-uniform: tx/s=3129 p99=39198us par_groups=285 fallback=4
stepe2b-disabled-09-rep2-phase-d-w64-width16-uniform: tx/s=2606 p99=49901us par_groups=236 fallback=3
stepe2b-disabled-09-rep2-e2b-w64-width16-uniform: tx/s=3059 p99=52754us par_groups=273 fallback=4
stepe2b-real-09-rep2-phase-d-w64-width16-uniform: tx/s=2412 p99=48137us par_groups=199 fallback=3
stepe2b-real-09-rep2-e2b-w64-width16-uniform: tx/s=2917 p99=40700us par_groups=231 fallback=3
stepe2b-real-09-rep2-e2a-w64-width16-uniform: tx/s=2815 p99=40695us par_groups=233 fallback=3
stepe2b-real-06-rep2-phase-d-w64-width1-uniform: tx/s=25039 p99=5638us par_groups=2055 fallback=0
stepe2b-real-06-rep2-e2b-w64-width1-uniform: tx/s=27645 p99=4594us par_groups=2272 fallback=0
stepe2b-real-06-rep2-e2a-w64-width1-uniform: tx/s=26834 p99=5273us par_groups=2230 fallback=0
stepe2b-disabled-09-rep3-phase-d-w64-width16-uniform: tx/s=2743 p99=43449us par_groups=234 fallback=1
stepe2b-disabled-09-rep3-e2b-w64-width16-uniform: tx/s=3144 p99=40746us par_groups=279 fallback=1
stepe2b-disabled-09-rep3-e2a-w64-width16-uniform: tx/s=3314 p99=41010us par_groups=277 fallback=1
stepe2b-real-09-rep3-e2b-w64-width16-uniform: tx/s=2908 p99=41311us par_groups=235 fallback=1
stepe2b-real-09-rep3-e2a-w64-width16-uniform: tx/s=2781 p99=44123us par_groups=227 fallback=1
stepe2b-real-09-rep3-phase-d-w64-width16-uniform: tx/s=2401 p99=49391us par_groups=198 fallback=0
stepe2b-real-06-rep3-e2b-w64-width1-uniform: tx/s=27143 p99=5320us par_groups=2251 fallback=0
stepe2b-real-06-rep3-e2a-w64-width1-uniform: tx/s=27385 p99=4530us par_groups=2228 fallback=0
stepe2b-real-06-rep3-phase-d-w64-width1-uniform: tx/s=24300 p99=5375us par_groups=2027 fallback=0
