counters-disabled-09-rep1-e3-churn-w64-width16-uniform: tx/s=3209 p99=51037us par_groups=291 fallback=4
counters-disabled-06-rep1-e3-churn-w64-width1-uniform: tx/s=43987 p99=4516us par_groups=4154 fallback=0
counters-disabled-09-rep2-e3-churn-w64-width16-uniform: tx/s=3187 p99=53581us par_groups=281 fallback=4
counters-disabled-06-rep2-e3-churn-w64-width1-uniform: tx/s=43348 p99=4009us par_groups=3885 fallback=0
stepe3-disabled-09-rep1-e3-w64-width16-uniform: tx/s=3650 p99=35343us par_groups=348 fallback=4
stepe3-disabled-09-rep1-e2b-w64-width16-uniform: tx/s=3307 p99=34835us par_groups=280 fallback=4
stepe3-disabled-09-rep1-phase-d-w64-width16-uniform: tx/s=2744 p99=38414us par_groups=240 fallback=2
stepe3-real-09-rep1-e2b-w64-width16-uniform: tx/s=2870 p99=41837us par_groups=235 fallback=3
stepe3-real-09-rep1-phase-d-w64-width16-uniform: tx/s=2408 p99=46914us par_groups=197 fallback=1
stepe3-real-09-rep1-e3-w64-width16-uniform: tx/s=3427 p99=33851us par_groups=274 fallback=4
stepe3-real-06-rep1-e2b-w64-width1-uniform: tx/s=28269 p99=4559us par_groups=2277 fallback=0
stepe3-real-06-rep1-phase-d-w64-width1-uniform: tx/s=25038 p99=6958us par_groups=2060 fallback=0
stepe3-real-06-rep1-e3-w64-width1-uniform: tx/s=27498 p99=4966us par_groups=2312 fallback=0
stepe3-disabled-09-rep2-e2b-w64-width16-uniform: tx/s=3243 p99=35813us par_groups=279 fallback=4
stepe3-disabled-09-rep2-phase-d-w64-width16-uniform: tx/s=2830 p99=42339us par_groups=237 fallback=3
stepe3-disabled-09-rep2-e3-w64-width16-uniform: tx/s=3572 p99=43409us par_groups=351 fallback=4
stepe3-real-09-rep2-phase-d-w64-width16-uniform: tx/s=2231 p99=53450us par_groups=180 fallback=3
stepe3-real-09-rep2-e3-w64-width16-uniform: tx/s=3506 p99=33613us par_groups=281 fallback=4
stepe3-real-09-rep2-e2b-w64-width16-uniform: tx/s=2896 p99=37866us par_groups=239 fallback=3
stepe3-real-06-rep2-phase-d-w64-width1-uniform: tx/s=25710 p99=5014us par_groups=2102 fallback=0
stepe3-real-06-rep2-e3-w64-width1-uniform: tx/s=27286 p99=4838us par_groups=2266 fallback=0
stepe3-real-06-rep2-e2b-w64-width1-uniform: tx/s=27454 p99=4818us par_groups=2266 fallback=0
stepe3-disabled-09-rep3-phase-d-w64-width16-uniform: tx/s=2739 p99=43741us par_groups=233 fallback=1
stepe3-disabled-09-rep3-e3-w64-width16-uniform: tx/s=3580 p99=43789us par_groups=343 fallback=1
stepe3-disabled-09-rep3-e2b-w64-width16-uniform: tx/s=3331 p99=33838us par_groups=288 fallback=1
stepe3-real-09-rep3-e3-w64-width16-uniform: tx/s=3590 p99=33513us par_groups=297 fallback=1
stepe3-real-09-rep3-e2b-w64-width16-uniform: tx/s=2891 p99=40187us par_groups=235 fallback=1
stepe3-real-09-rep3-phase-d-w64-width16-uniform: tx/s=2433 p99=48014us par_groups=201 fallback=0
stepe3-real-06-rep3-e3-w64-width1-uniform: tx/s=28353 p99=5018us par_groups=2292 fallback=0
stepe3-real-06-rep3-e2b-w64-width1-uniform: tx/s=27213 p99=5262us par_groups=2242 fallback=0
stepe3-real-06-rep3-phase-d-w64-width1-uniform: tx/s=25088 p99=5121us par_groups=2040 fallback=0
