counters-disabled-09-rep1-final-churn-w64-width16-uniform: tx/s=3102 p99=41305us par_groups=300 fallback=3
counters-disabled-06-rep1-final-churn-w64-width1-uniform: tx/s=40622 p99=5538us par_groups=4066 fallback=0
counters-disabled-09-rep2-final-churn-w64-width16-uniform: tx/s=3204 p99=41869us par_groups=307 fallback=4
counters-disabled-06-rep2-final-churn-w64-width1-uniform: tx/s=40169 p99=5581us par_groups=3932 fallback=0
stepfinal-disabled-09-rep1-final-w64-width16-uniform: tx/s=3748 p99=36219us par_groups=379 fallback=4
stepfinal-disabled-09-rep1-e3-w64-width16-uniform: tx/s=3733 p99=36514us par_groups=378 fallback=4
stepfinal-disabled-09-rep1-phase-d-w64-width16-uniform: tx/s=2812 p99=42205us par_groups=242 fallback=3
stepfinal-real-09-rep1-e3-w64-width16-uniform: tx/s=3605 p99=32957us par_groups=287 fallback=4
stepfinal-real-09-rep1-phase-d-w64-width16-uniform: tx/s=2416 p99=48823us par_groups=196 fallback=1
stepfinal-real-09-rep1-final-w64-width16-uniform: tx/s=3330 p99=43402us par_groups=265 fallback=4
stepfinal-real-06-rep1-e3-w64-width1-uniform: tx/s=28831 p99=4304us par_groups=2337 fallback=0
stepfinal-real-06-rep1-phase-d-w64-width1-uniform: tx/s=26270 p99=4916us par_groups=2123 fallback=0
stepfinal-real-06-rep1-final-w64-width1-uniform: tx/s=28577 p99=4508us par_groups=2323 fallback=0
stepfinal-disabled-09-rep2-e3-w64-width16-uniform: tx/s=3716 p99=51853us par_groups=329 fallback=3
stepfinal-disabled-09-rep2-phase-d-w64-width16-uniform: tx/s=2648 p99=58110us par_groups=216 fallback=3
stepfinal-disabled-09-rep2-final-w64-width16-uniform: tx/s=3837 p99=35251us par_groups=365 fallback=3
stepfinal-real-09-rep2-phase-d-w64-width16-uniform: tx/s=2490 p99=46661us par_groups=202 fallback=3
stepfinal-real-09-rep2-final-w64-width16-uniform: tx/s=3532 p99=32921us par_groups=281 fallback=4
stepfinal-real-09-rep2-e3-w64-width16-uniform: tx/s=3505 p99=34127us par_groups=292 fallback=4
stepfinal-real-06-rep2-phase-d-w64-width1-uniform: tx/s=26364 p99=4740us par_groups=2160 fallback=0
stepfinal-real-06-rep2-final-w64-width1-uniform: tx/s=27234 p99=5632us par_groups=2295 fallback=0
stepfinal-real-06-rep2-e3-w64-width1-uniform: tx/s=28575 p99=4722us par_groups=2332 fallback=0
stepfinal-disabled-09-rep3-phase-d-w64-width16-uniform: tx/s=2803 p99=42081us par_groups=253 fallback=1
stepfinal-disabled-09-rep3-final-w64-width16-uniform: tx/s=3681 p99=41713us par_groups=385 fallback=1
stepfinal-disabled-09-rep3-e3-w64-width16-uniform: tx/s=3649 p99=41765us par_groups=344 fallback=1
stepfinal-real-09-rep3-final-w64-width16-uniform: tx/s=3532 p99=33589us par_groups=282 fallback=1
stepfinal-real-09-rep3-e3-w64-width16-uniform: tx/s=3520 p99=34978us par_groups=285 fallback=1
stepfinal-real-09-rep3-phase-d-w64-width16-uniform: tx/s=2397 p99=48791us par_groups=206 fallback=0
stepfinal-real-06-rep3-final-w64-width1-uniform: tx/s=27016 p99=5946us par_groups=2229 fallback=0
stepfinal-real-06-rep3-e3-w64-width1-uniform: tx/s=28684 p99=4451us par_groups=2326 fallback=0
stepfinal-real-06-rep3-phase-d-w64-width1-uniform: tx/s=25321 p99=6721us par_groups=2075 fallback=0
cpu-disabled-09-rep1-final-w64-width16-uniform: tx/s=3726 p99=35813us par_groups=353 fallback=4
cpu-disabled-09-rep1-phase-d-w64-width16-uniform: tx/s=2689 p99=51801us par_groups=239 fallback=2
cpu-disabled-10-rep1-phase-d-w64-width16-same-leaf-heavy: tx/s=15997 p99=7173us par_groups=1896 fallback=0
cpu-disabled-10-rep1-final-w64-width16-same-leaf-heavy: tx/s=18163 p99=6336us par_groups=2184 fallback=0
cpu-disabled-11-rep1-final-w64-width16-different-leaf-heavy: tx/s=10621 p99=12196us par_groups=912 fallback=0
cpu-disabled-11-rep1-phase-d-w64-width16-different-leaf-heavy: tx/s=8713 p99=15339us par_groups=778 fallback=0
cpu-disabled-09-rep2-phase-d-w64-width16-uniform: tx/s=2645 p99=44332us par_groups=251 fallback=3
cpu-disabled-09-rep2-final-w64-width16-uniform: tx/s=3734 p99=41204us par_groups=347 fallback=3
cpu-disabled-10-rep2-final-w64-width16-same-leaf-heavy: tx/s=19007 p99=5596us par_groups=2258 fallback=0
cpu-disabled-10-rep2-phase-d-w64-width16-same-leaf-heavy: tx/s=15546 p99=7556us par_groups=1874 fallback=0
cpu-disabled-11-rep2-phase-d-w64-width16-different-leaf-heavy: tx/s=8817 p99=15382us par_groups=784 fallback=0
cpu-disabled-11-rep2-final-w64-width16-different-leaf-heavy: tx/s=10531 p99=14523us par_groups=928 fallback=0
cpu-disabled-09-rep3-final-w64-width16-uniform: tx/s=4003 p99=37534us par_groups=391 fallback=2
cpu-disabled-09-rep3-phase-d-w64-width16-uniform: tx/s=2754 p99=43586us par_groups=247 fallback=1
cpu-disabled-10-rep3-phase-d-w64-width16-same-leaf-heavy: tx/s=15966 p99=7209us par_groups=1889 fallback=0
cpu-disabled-10-rep3-final-w64-width16-same-leaf-heavy: tx/s=18079 p99=7376us par_groups=2168 fallback=0
cpu-disabled-11-rep3-final-w64-width16-different-leaf-heavy: tx/s=10302 p99=12722us par_groups=1105 fallback=0
cpu-disabled-11-rep3-phase-d-w64-width16-different-leaf-heavy: tx/s=7892 p99=17137us par_groups=882 fallback=0
gate-real-00-rep1-phase-c-w16-width1-uniform: tx/s=8300 p99=3407us par_groups=0 fallback=0
gate-real-00-rep1-phase-d-w16-width1-uniform: tx/s=7854 p99=3313us par_groups=4679 fallback=0
gate-real-00-rep1-final-w16-width1-uniform: tx/s=8027 p99=3766us par_groups=4606 fallback=0
gate-real-03-rep1-phase-c-w16-width16-uniform: tx/s=1891 p99=16642us par_groups=0 fallback=0
gate-real-03-rep1-phase-d-w16-width16-uniform: tx/s=2285 p99=13461us par_groups=836 fallback=2
gate-real-03-rep1-final-w16-width16-uniform: tx/s=2713 p99=11673us par_groups=924 fallback=2
gate-real-06-rep1-phase-c-w64-width1-uniform: tx/s=24321 p99=5054us par_groups=0 fallback=0
gate-real-06-rep1-phase-d-w64-width1-uniform: tx/s=26353 p99=4752us par_groups=2176 fallback=0
gate-real-06-rep1-final-w64-width1-uniform: tx/s=28981 p99=4832us par_groups=2352 fallback=0
gate-real-09-rep1-phase-c-w64-width16-uniform: tx/s=2042 p99=54422us par_groups=0 fallback=0
gate-real-09-rep1-phase-d-w64-width16-uniform: tx/s=2450 p99=49919us par_groups=196 fallback=1
gate-real-09-rep1-final-w64-width16-uniform: tx/s=3456 p99=42039us par_groups=274 fallback=4
gate-real-10-rep1-phase-d-w64-width16-same-leaf-heavy: tx/s=12003 p99=8738us par_groups=1409 fallback=0
gate-real-10-rep1-final-w64-width16-same-leaf-heavy: tx/s=13384 p99=7476us par_groups=1556 fallback=0
gate-real-10-rep1-phase-c-w64-width16-same-leaf-heavy: tx/s=10715 p99=10494us par_groups=0 fallback=0
gate-real-11-rep1-final-w64-width16-different-leaf-heavy: tx/s=7481 p99=15653us par_groups=613 fallback=0
gate-real-11-rep1-phase-c-w64-width16-different-leaf-heavy: tx/s=6161 p99=18986us par_groups=0 fallback=0
gate-real-11-rep1-phase-d-w64-width16-different-leaf-heavy: tx/s=6544 p99=18012us par_groups=547 fallback=0
gate-real-00-rep2-phase-d-w16-width1-uniform: tx/s=7981 p99=3246us par_groups=4699 fallback=0
gate-real-00-rep2-final-w16-width1-uniform: tx/s=8178 p99=3160us par_groups=4824 fallback=0
gate-real-00-rep2-phase-c-w16-width1-uniform: tx/s=8310 p99=3656us par_groups=0 fallback=0
gate-real-03-rep2-phase-d-w16-width16-uniform: tx/s=2347 p99=13032us par_groups=797 fallback=4
gate-real-03-rep2-final-w16-width16-uniform: tx/s=2680 p99=11934us par_groups=903 fallback=5
gate-real-03-rep2-phase-c-w16-width16-uniform: tx/s=1995 p99=15190us par_groups=0 fallback=0
gate-real-06-rep2-phase-d-w64-width1-uniform: tx/s=25980 p99=5375us par_groups=2136 fallback=0
gate-real-06-rep2-final-w64-width1-uniform: tx/s=28702 p99=4675us par_groups=2388 fallback=0
gate-real-06-rep2-phase-c-w64-width1-uniform: tx/s=24194 p99=5325us par_groups=0 fallback=0
gate-real-09-rep2-phase-d-w64-width16-uniform: tx/s=2431 p99=44114us par_groups=194 fallback=3
gate-real-09-rep2-final-w64-width16-uniform: tx/s=3374 p99=38869us par_groups=287 fallback=4
gate-real-09-rep2-phase-c-w64-width16-uniform: tx/s=2088 p99=58157us par_groups=0 fallback=0
gate-real-10-rep2-final-w64-width16-same-leaf-heavy: tx/s=13324 p99=7953us par_groups=1567 fallback=0
gate-real-10-rep2-phase-c-w64-width16-same-leaf-heavy: tx/s=10801 p99=9804us par_groups=0 fallback=0
gate-real-10-rep2-phase-d-w64-width16-same-leaf-heavy: tx/s=12024 p99=8358us par_groups=1404 fallback=0
gate-real-11-rep2-phase-c-w64-width16-different-leaf-heavy: tx/s=6050 p99=19012us par_groups=0 fallback=0
gate-real-11-rep2-phase-d-w64-width16-different-leaf-heavy: tx/s=6621 p99=18712us par_groups=572 fallback=0
gate-real-11-rep2-final-w64-width16-different-leaf-heavy: tx/s=7823 p99=15706us par_groups=630 fallback=0
gate-real-00-rep3-final-w16-width1-uniform: tx/s=8131 p99=3233us par_groups=4761 fallback=0
gate-real-00-rep3-phase-c-w16-width1-uniform: tx/s=8416 p99=3167us par_groups=0 fallback=0
gate-real-00-rep3-phase-d-w16-width1-uniform: tx/s=8092 p99=3276us par_groups=4780 fallback=0
gate-real-03-rep3-final-w16-width16-uniform: tx/s=2604 p99=12142us par_groups=895 fallback=2
gate-real-03-rep3-phase-c-w16-width16-uniform: tx/s=1955 p99=15928us par_groups=0 fallback=0
gate-real-03-rep3-phase-d-w16-width16-uniform: tx/s=2248 p99=13557us par_groups=777 fallback=2
gate-real-06-rep3-final-w64-width1-uniform: tx/s=29019 p99=4678us par_groups=2357 fallback=0
gate-real-06-rep3-phase-c-w64-width1-uniform: tx/s=23204 p99=6349us par_groups=0 fallback=0
gate-real-06-rep3-phase-d-w64-width1-uniform: tx/s=26483 p99=4616us par_groups=2162 fallback=0
gate-real-09-rep3-final-w64-width16-uniform: tx/s=3518 p99=33386us par_groups=292 fallback=1
gate-real-09-rep3-phase-c-w64-width16-uniform: tx/s=2045 p99=58503us par_groups=0 fallback=0
gate-real-09-rep3-phase-d-w64-width16-uniform: tx/s=2388 p99=50050us par_groups=199 fallback=0
gate-real-10-rep3-phase-c-w64-width16-same-leaf-heavy: tx/s=10770 p99=9134us par_groups=0 fallback=0
gate-real-10-rep3-phase-d-w64-width16-same-leaf-heavy: tx/s=11778 p99=9444us par_groups=1369 fallback=0
gate-real-10-rep3-final-w64-width16-same-leaf-heavy: tx/s=12987 p99=9093us par_groups=1512 fallback=0
gate-real-11-rep3-phase-d-w64-width16-different-leaf-heavy: tx/s=6117 p99=19811us par_groups=538 fallback=0
gate-real-11-rep3-final-w64-width16-different-leaf-heavy: tx/s=7514 p99=15266us par_groups=610 fallback=0
gate-real-11-rep3-phase-c-w64-width16-different-leaf-heavy: tx/s=5315 p99=35124us par_groups=0 fallback=0
perf-real-09-phase-d-fp-w64-width16-uniform: tx/s=2190
perf-real-09-final-fp-w64-width16-uniform: tx/s=2855
ALLDONE
