retention-real-00-rep1-phase-c-w16-width1-uniform: tx/s=9384 p99=3660us par_groups=0 fallback=0
retention-real-00-rep1-final-serial-w16-width1-uniform: tx/s=7971 p99=3860us par_groups=0 fallback=0
retention-real-00-rep1-final-w16-width1-uniform: tx/s=7792 p99=3416us par_groups=4552 fallback=0
retention-real-03-rep1-phase-c-w16-width16-uniform: tx/s=1879 p99=16914us par_groups=0 fallback=0
retention-real-03-rep1-final-serial-w16-width16-uniform: tx/s=2144 p99=15230us par_groups=0 fallback=0
retention-real-03-rep1-final-w16-width16-uniform: tx/s=2576 p99=12126us par_groups=880 fallback=2
retention-real-06-rep1-phase-c-w64-width1-uniform: tx/s=22858 p99=5321us par_groups=0 fallback=0
retention-real-06-rep1-final-serial-w64-width1-uniform: tx/s=24538 p99=5263us par_groups=0 fallback=0
retention-real-06-rep1-final-w64-width1-uniform: tx/s=27552 p99=5116us par_groups=2236 fallback=0
retention-real-09-rep1-phase-c-w64-width16-uniform: tx/s=1954 p99=60145us par_groups=0 fallback=0
retention-real-09-rep1-final-serial-w64-width16-uniform: tx/s=2547 p99=43004us par_groups=0 fallback=0
retention-real-09-rep1-final-w64-width16-uniform: tx/s=3377 p99=35620us par_groups=271 fallback=4
retention-real-10-rep1-final-serial-w64-width16-same-leaf-heavy: tx/s=11628 p99=9079us par_groups=0 fallback=0
retention-real-10-rep1-final-w64-width16-same-leaf-heavy: tx/s=12975 p99=7993us par_groups=1535 fallback=0
retention-real-10-rep1-phase-c-w64-width16-same-leaf-heavy: tx/s=10647 p99=8839us par_groups=0 fallback=0
retention-real-11-rep1-final-w64-width16-different-leaf-heavy: tx/s=7668 p99=15663us par_groups=618 fallback=0
retention-real-11-rep1-phase-c-w64-width16-different-leaf-heavy: tx/s=5973 p99=19608us par_groups=0 fallback=0
retention-real-11-rep1-final-serial-w64-width16-different-leaf-heavy: tx/s=6650 p99=18449us par_groups=0 fallback=0
retention-real-00-rep2-final-serial-w16-width1-uniform: tx/s=7794 p99=3564us par_groups=0 fallback=0
retention-real-00-rep2-final-w16-width1-uniform: tx/s=7745 p99=3378us par_groups=4657 fallback=0
retention-real-00-rep2-phase-c-w16-width1-uniform: tx/s=7769 p99=3463us par_groups=0 fallback=0
retention-real-03-rep2-final-serial-w16-width16-uniform: tx/s=2070 p99=14789us par_groups=0 fallback=0
retention-real-03-rep2-final-w16-width16-uniform: tx/s=2592 p99=12069us par_groups=891 fallback=4
retention-real-03-rep2-phase-c-w16-width16-uniform: tx/s=1881 p99=16360us par_groups=0 fallback=0
retention-real-06-rep2-final-serial-w64-width1-uniform: tx/s=23213 p99=6204us par_groups=0 fallback=0
retention-real-06-rep2-final-w64-width1-uniform: tx/s=27037 p99=5281us par_groups=2249 fallback=0
retention-real-06-rep2-phase-c-w64-width1-uniform: tx/s=23367 p99=5261us par_groups=0 fallback=0
retention-real-09-rep2-final-serial-w64-width16-uniform: tx/s=2555 p99=46693us par_groups=0 fallback=0
retention-real-09-rep2-final-w64-width16-uniform: tx/s=3406 p99=36547us par_groups=276 fallback=4
retention-real-09-rep2-phase-c-w64-width16-uniform: tx/s=2001 p99=53529us par_groups=0 fallback=0
retention-real-10-rep2-final-w64-width16-same-leaf-heavy: tx/s=12832 p99=8554us par_groups=1504 fallback=0
retention-real-10-rep2-phase-c-w64-width16-same-leaf-heavy: tx/s=10555 p99=9942us par_groups=0 fallback=0
retention-real-10-rep2-final-serial-w64-width16-same-leaf-heavy: tx/s=11589 p99=9042us par_groups=0 fallback=0
retention-real-11-rep2-phase-c-w64-width16-different-leaf-heavy: tx/s=5914 p99=19802us par_groups=0 fallback=0
retention-real-11-rep2-final-serial-w64-width16-different-leaf-heavy: tx/s=6831 p99=17056us par_groups=0 fallback=0
retention-real-11-rep2-final-w64-width16-different-leaf-heavy: tx/s=7563 p99=14968us par_groups=616 fallback=0
retention-real-00-rep3-final-w16-width1-uniform: tx/s=7538 p99=4763us par_groups=4488 fallback=0
retention-real-00-rep3-phase-c-w16-width1-uniform: tx/s=7714 p99=3472us par_groups=0 fallback=0
retention-real-00-rep3-final-serial-w16-width1-uniform: tx/s=7871 p99=3514us par_groups=0 fallback=0
retention-real-03-rep3-final-w16-width16-uniform: tx/s=2634 p99=11780us par_groups=898 fallback=2
retention-real-03-rep3-phase-c-w16-width16-uniform: tx/s=1823 p99=17053us par_groups=0 fallback=0
retention-real-03-rep3-final-serial-w16-width16-uniform: tx/s=2119 p99=14701us par_groups=0 fallback=0
retention-real-06-rep3-final-w64-width1-uniform: tx/s=27662 p99=4770us par_groups=2241 fallback=0
retention-real-06-rep3-phase-c-w64-width1-uniform: tx/s=23401 p99=5736us par_groups=0 fallback=0
retention-real-06-rep3-final-serial-w64-width1-uniform: tx/s=23122 p99=5150us par_groups=0 fallback=0
retention-real-09-rep3-final-w64-width16-uniform: tx/s=3479 p99=34419us par_groups=288 fallback=1
retention-real-09-rep3-phase-c-w64-width16-uniform: tx/s=2042 p99=59377us par_groups=0 fallback=0
retention-real-09-rep3-final-serial-w64-width16-uniform: tx/s=2657 p99=44727us par_groups=0 fallback=0
retention-real-10-rep3-phase-c-w64-width16-same-leaf-heavy: tx/s=10623 p99=9395us par_groups=0 fallback=0
retention-real-10-rep3-final-serial-w64-width16-same-leaf-heavy: tx/s=11546 p99=12247us par_groups=0 fallback=0
retention-real-10-rep3-final-w64-width16-same-leaf-heavy: tx/s=13059 p99=8850us par_groups=1524 fallback=0
retention-real-11-rep3-final-serial-w64-width16-different-leaf-heavy: tx/s=6746 p99=17213us par_groups=0 fallback=0
retention-real-11-rep3-final-w64-width16-different-leaf-heavy: tx/s=7295 p99=16172us par_groups=586 fallback=0
retention-real-11-rep3-phase-c-w64-width16-different-leaf-heavy: tx/s=5878 p99=20338us par_groups=0 fallback=0
ALLDONE
