** WARNING: connection is not using a post-quantum key exchange algorithm.
** This session may be vulnerable to "store now, decrypt later" attacks.
** The server may need to be upgraded. See https://openssh.com/pq.html
Cloning into 'openzfs-dodb'...
warning: refs/tags/zfs-2.2.11 4fa710fed6f6669cc34872236f43907ef751356c is not a commit!
Note: switching to 'f2d87f5c724ccdbb27a11fb84c4a185e0a917598'.

You are in 'detached HEAD' state. You can look around, make experimental
changes and commit them, and you can discard any commits you make in this
state without impacting any branches by switching back to a branch.

If you want to create a new branch to retain commits you create, you may
do so (now or later) by using -c with the switch command. Example:

  git switch -c <new-branch-name>

Or undo this operation with:

  git switch -

Turn off this advice by setting config variable advice.detachedHead to false

tag=zfs-2.2.11
commit=f2d87f5c724ccdbb27a11fb84c4a185e0a917598
tag-object=4fa710fed6f6669cc34872236f43907ef751356c
kernel-build=/usr/src/kernels/6.12.0-206.104.4.4.el9uek.aarch64
kernel-uek-devel-6.12.0-206.104.4.4.el9uek.aarch64
autoreconf: Entering directory `.'
autoreconf: configure.ac: not using Gettext
autoreconf: running: aclocal --force -I config
autoreconf: configure.ac: tracing
autoreconf: configure.ac: AM_GNU_GETTEXT is used, but not AM_GNU_GETTEXT_VERSION
autoreconf: running: libtoolize --copy --force
libtoolize: putting auxiliary files in AC_CONFIG_AUX_DIR, 'config'.
libtoolize: copying file 'config/ltmain.sh'
libtoolize: putting macros in AC_CONFIG_MACRO_DIRS, 'config'.
libtoolize: copying file 'config/libtool.m4'
libtoolize: copying file 'config/ltoptions.m4'
libtoolize: copying file 'config/ltsugar.m4'
libtoolize: copying file 'config/ltversion.m4'
libtoolize: copying file 'config/lt~obsolete.m4'
autoreconf: running: /usr/bin/autoconf --force
autoreconf: running: /usr/bin/autoheader --force
autoreconf: running: automake --add-missing --copy --force-missing
configure.ac:49: installing 'config/compile'
configure.ac:40: installing 'config/config.guess'
configure.ac:40: installing 'config/config.sub'
configure.ac:43: installing 'config/install-sh'
configure.ac:43: installing 'config/missing'
Makefile.am: installing 'config/depcomp'
autoreconf: Leaving directory `.'
configure: loading site script /usr/share/config.site
checking for gawk... gawk
checking metadata... META file
checking build system type... aarch64-unknown-linux-gnu
checking host system type... aarch64-unknown-linux-gnu
checking target system type... aarch64-unknown-linux-gnu
checking whether to enable maintainer-specific portions of Makefiles... no
checking whether make supports nested variables... yes
checking for a BSD-compatible install... /usr/bin/install -c
checking whether build environment is sane... yes
checking for a thread-safe mkdir -p... /usr/bin/mkdir -p
checking whether make sets $(MAKE)... yes
checking how to print strings... printf
checking whether make supports the include directive... yes (GNU style)
checking for gcc... gcc
checking whether the C compiler works... yes
checking for C compiler default output file name... a.out
checking for suffix of executables... 
checking whether we are cross compiling... no
checking for suffix of object files... o
checking whether we are using the GNU C compiler... yes
checking whether gcc accepts -g... yes
checking for gcc option to accept ISO C89... none needed
checking whether gcc understands -c and -o together... yes
checking dependency style of gcc... gcc3
checking for a sed that does not truncate output... /usr/bin/sed
checking for grep that handles long lines and -e... /usr/bin/grep
checking for egrep... /usr/bin/grep -E
checking for fgrep... /usr/bin/grep -F
checking for ld used by gcc... /usr/bin/ld
checking if the linker (/usr/bin/ld) is GNU ld... yes
checking for BSD- or MS-compatible name lister (nm)... /usr/bin/nm -B
checking the name lister (/usr/bin/nm -B) interface... BSD nm
checking whether ln -s works... yes
checking the maximum length of command line arguments... 1572864
checking how to convert aarch64-unknown-linux-gnu file names to aarch64-unknown-linux-gnu format... func_convert_file_noop
checking how to convert aarch64-unknown-linux-gnu file names to toolchain format... func_convert_file_noop
checking for /usr/bin/ld option to reload object files... -r
checking for objdump... objdump
checking how to recognize dependent libraries... pass_all
checking for dlltool... no
checking how to associate runtime and link libraries... printf %s\n
checking for ar... ar
checking for archiver @FILE support... @
checking for strip... strip
checking for ranlib... ranlib
checking command to parse /usr/bin/nm -B output from gcc object... ok
checking for sysroot... no
checking for a working dd... /usr/bin/dd
checking how to truncate binary pipes... /usr/bin/dd bs=4096 count=1
checking for mt... no
checking if : is a manifest tool... no
checking how to run the C preprocessor... gcc -E
checking for ANSI C header files... yes
checking for sys/types.h... yes
checking for sys/stat.h... yes
checking for stdlib.h... yes
checking for string.h... yes
checking for memory.h... yes
checking for strings.h... yes
checking for inttypes.h... yes
checking for stdint.h... yes
checking for unistd.h... yes
checking for dlfcn.h... yes
checking for objdir... .libs
checking if gcc supports -fno-rtti -fno-exceptions... no
checking for gcc option to produce PIC... -fPIC -DPIC
checking if gcc PIC flag -fPIC -DPIC works... yes
checking if gcc static flag -static works... no
checking if gcc supports -c -o file.o... yes
checking if gcc supports -c -o file.o... (cached) yes
checking whether the gcc linker (/usr/bin/ld) supports shared libraries... yes
checking whether -lc should be explicitly linked in... no
checking dynamic linker characteristics... GNU/Linux ld.so
checking how to hardcode library paths into programs... immediate
checking whether stripping libraries is possible... yes
checking if libtool supports shared libraries... yes
checking whether to build shared libraries... yes
checking whether to build static libraries... yes
checking for gcc... (cached) gcc
checking whether we are using the GNU C compiler... (cached) yes
checking whether gcc accepts -g... (cached) yes
checking for gcc option to accept ISO C89... (cached) none needed
checking whether gcc understands -c and -o together... (cached) yes
checking dependency style of gcc... (cached) gcc3
checking whether ln -s works... yes
checking for pkg-config... /usr/bin/pkg-config
checking pkg-config is at least version 0.9.0... yes
checking dependency style of gcc... gcc3
checking whether to build with code coverage support... no
checking how to create a pax tar archive... gnutar
checking zfs author... OpenZFS
checking zfs license... CDDL
checking whether NLS is requested... yes
checking for msgfmt... /usr/bin/msgfmt
checking for gmsgfmt... /usr/bin/msgfmt
checking for xgettext... /usr/bin/xgettext
checking for msgmerge... /usr/bin/msgmerge
checking for ld... /usr/bin/ld
checking if the linker (/usr/bin/ld) is GNU ld... yes
checking for shared library run path origin... done
checking 32-bit host C ABI... no
checking for the common suffixes of directories in the library search path... lib64,lib64
checking zfs config... all
checking the number of available CPUs... 2
checking whether gcc supports -Wno-clobbered... yes
checking whether gcc supports -Winfinite-recursion... no
checking whether  supports -Winfinite-recursion... no
checking whether gcc supports -Wimplicit-fallthrough... yes
checking whether gcc supports -Wframe-larger-than=<size>... yes
checking whether gcc supports -Wno-format-truncation... yes
checking whether gcc supports -Wno-format-zero-length... yes
checking whether gcc supports -Wformat-overflow... yes
checking whether gcc supports -fno-omit-frame-pointer... yes
checking whether gcc supports -fno-ipa-sra... yes
checking whether  supports -fno-ipa-sra... yes
checking whether to build with -fsanitize=address support... no
checking whether to build with -fsanitize=undefined support... no
checking for system type (linux-gnu)... Linux
checking for python3... python3
checking for python version... 3.9
checking for python platform... linux
checking for python script directory... ${prefix}/lib/python3.9/site-packages
checking for python extension module directory... ${exec_prefix}/lib64/python3.9/site-packages
checking for python3 module: packaging... yes
checking for python3.9... /usr/bin/python3.9
checking for a version of Python >= '2.1.0'... yes
checking for a version of Python >= '3.6.0'... yes
checking for the sysconfig Python package... yes
checking for Python include path... -I/usr/include/python3.9
checking for Python library path... -L/usr/lib64 -lpython3.9
checking for Python site-packages path... /usr/lib/python3.9/site-packages
checking for Python platform specific site-packages path... /usr/lib64/python3.9/site-packages
checking python extra libraries... -lcrypt -ldl  -lm -lm
checking python extra linking flags... -Xlinker -export-dynamic
checking consistency of all components of python development environment... yes
checking for python3.9 module: setuptools... yes
checking for python3.9 module: cffi... yes
checking whether to enable pyzfs: ... yes
checking for sed --in-place... --in-place
checking for cppcheck... no
checking for shellcheck... no
checking for checkbashisms... no
checking for parallel... no
checking for GNU gettext in libc... ./configure: line 59572: gt_INTL_MACOSX: command not found
yes
checking whether to use NLS... yes
checking where the gettext function comes from... libc
checking for dracut directory... /usr/share/dracut
checking for zlib... yes
checking for zlib.h... yes
checking for compress2 in -lz... yes
checking for uncompress in -lz... yes
checking for crc32 in -lz... yes
checking for udev directories... /lib/udev;/lib/udev/rules.d
checking for systemd support... yes
checking for libudev... yes
checking for libudev.h... yes
checking for main in -ludev... yes
checking for udev_device_get_is_initialized... yes
checking for uuid... yes
checking for uuid/uuid.h... yes
checking for uuid_generate in -luuid... yes
checking for uuid_is_null in -luuid... yes
checking for blkid... yes
checking for blkid/blkid.h... yes
checking for main in -lblkid... yes
checking for sys/stat.h... (cached) yes
checking for statx... yes
checking for STATX_MNT_ID... no
checking for library containing xdrmem_create... no
checking for libtirpc... no
checking for rpc/xdr.h... no
checking for rpc/xdr.h... no
checking for rpc/xdr.h... no
checking for rpc/xdr.h... no
configure: WARNING: cannot find tirpc via pkg-config or in the standard locations
configure: error: in `/tmp/openzfs-dodb':
configure: error: neither libc sunrpc support nor libtirpc is available, try installing libtirpc-devel
See `config.log' for more details
