adaptive-real-00-rep1-f-serial-w16-width1-uniform: tx/s=8163 p99=3392us par_groups=0 fallback=0
adaptive-real-00-rep1-f-2lane-w16-width1-uniform: tx/s=8189 p99=4050us par_groups=4635 fallback=0
adaptive-real-00-rep1-f-adaptive-w16-width1-uniform: tx/s=8165 p99=3888us par_groups=0 fallback=0
adaptive-real-06-rep1-f-serial-w64-width1-uniform: tx/s=26600 p99=4688us par_groups=0 fallback=0
adaptive-real-06-rep1-f-2lane-w64-width1-uniform: tx/s=25966 p99=17044us par_groups=2202 fallback=0
adaptive-real-06-rep1-f-adaptive-w64-width1-uniform: tx/s=30162 p99=4211us par_groups=2501 fallback=0
adaptive-real-03-rep1-f-serial-w16-width16-uniform: tx/s=2469 p99=12168us par_groups=0 fallback=0
adaptive-real-03-rep1-f-2lane-w16-width16-uniform: tx/s=3003 p99=10319us par_groups=1054 fallback=2
adaptive-real-03-rep1-f-adaptive-w16-width16-uniform: tx/s=2961 p99=11023us par_groups=1011 fallback=2
adaptive-real-09-rep1-f-serial-w64-width16-uniform: tx/s=3113 p99=39201us par_groups=0 fallback=0
adaptive-real-09-rep1-f-2lane-w64-width16-uniform: tx/s=3817 p99=29714us par_groups=310 fallback=4
adaptive-real-09-rep1-f-adaptive-w64-width16-uniform: tx/s=3896 p99=32775us par_groups=315 fallback=4
adaptive-real-10-rep1-f-2lane-w64-width16-same-leaf-heavy: tx/s=12224 p99=10492us par_groups=1432 fallback=0
adaptive-real-10-rep1-f-adaptive-w64-width16-same-leaf-heavy: tx/s=13019 p99=10242us par_groups=1496 fallback=0
adaptive-real-10-rep1-f-serial-w64-width16-same-leaf-heavy: tx/s=11908 p99=9454us par_groups=0 fallback=0
adaptive-real-00-rep2-f-2lane-w16-width1-uniform: tx/s=8233 p99=3230us par_groups=4636 fallback=0
adaptive-real-00-rep2-f-adaptive-w16-width1-uniform: tx/s=8327 p99=3868us par_groups=0 fallback=0
adaptive-real-00-rep2-f-serial-w16-width1-uniform: tx/s=8406 p99=3200us par_groups=0 fallback=0
adaptive-real-06-rep2-f-2lane-w64-width1-uniform: tx/s=30010 p99=5222us par_groups=2556 fallback=0
adaptive-real-06-rep2-f-adaptive-w64-width1-uniform: tx/s=30504 p99=4636us par_groups=2550 fallback=0
adaptive-real-06-rep2-f-serial-w64-width1-uniform: tx/s=26481 p99=4779us par_groups=0 fallback=0
adaptive-real-03-rep2-f-2lane-w16-width16-uniform: tx/s=3071 p99=10070us par_groups=1069 fallback=5
adaptive-real-03-rep2-f-adaptive-w16-width16-uniform: tx/s=2984 p99=10826us par_groups=1034 fallback=5
adaptive-real-03-rep2-f-serial-w16-width16-uniform: tx/s=2532 p99=11880us par_groups=0 fallback=0
adaptive-real-09-rep2-f-2lane-w64-width16-uniform: tx/s=3796 p99=31027us par_groups=317 fallback=3
adaptive-real-09-rep2-f-adaptive-w64-width16-uniform: tx/s=4002 p99=30305us par_groups=325 fallback=3
adaptive-real-09-rep2-f-serial-w64-width16-uniform: tx/s=3108 p99=39604us par_groups=0 fallback=0
adaptive-real-10-rep2-f-adaptive-w64-width16-same-leaf-heavy: tx/s=13253 p99=8690us par_groups=1525 fallback=0
adaptive-real-10-rep2-f-serial-w64-width16-same-leaf-heavy: tx/s=11707 p99=9654us par_groups=0 fallback=0
adaptive-real-10-rep2-f-2lane-w64-width16-same-leaf-heavy: tx/s=13359 p99=7850us par_groups=1532 fallback=0
adaptive-real-00-rep3-f-adaptive-w16-width1-uniform: tx/s=8349 p99=3867us par_groups=0 fallback=0
adaptive-real-00-rep3-f-serial-w16-width1-uniform: tx/s=8441 p99=3191us par_groups=0 fallback=0
adaptive-real-00-rep3-f-2lane-w16-width1-uniform: tx/s=8301 p99=3129us par_groups=4832 fallback=0
adaptive-real-06-rep3-f-adaptive-w64-width1-uniform: tx/s=29674 p99=4787us par_groups=2517 fallback=0
adaptive-real-06-rep3-f-serial-w64-width1-uniform: tx/s=26690 p99=4369us par_groups=0 fallback=0
adaptive-real-06-rep3-f-2lane-w64-width1-uniform: tx/s=31515 p99=4398us par_groups=2657 fallback=0
adaptive-real-03-rep3-f-adaptive-w16-width16-uniform: tx/s=2996 p99=10453us par_groups=1052 fallback=2
adaptive-real-03-rep3-f-serial-w16-width16-uniform: tx/s=2526 p99=11861us par_groups=0 fallback=0
adaptive-real-03-rep3-f-2lane-w16-width16-uniform: tx/s=3003 p99=10374us par_groups=1054 fallback=2
adaptive-real-09-rep3-f-adaptive-w64-width16-uniform: tx/s=3891 p99=31086us par_groups=318 fallback=2
adaptive-real-09-rep3-f-serial-w64-width16-uniform: tx/s=3003 p99=39917us par_groups=0 fallback=0
adaptive-real-09-rep3-f-2lane-w64-width16-uniform: tx/s=4004 p99=29641us par_groups=332 fallback=2
adaptive-real-10-rep3-f-serial-w64-width16-same-leaf-heavy: tx/s=11817 p99=9706us par_groups=0 fallback=0
adaptive-real-10-rep3-f-2lane-w64-width16-same-leaf-heavy: tx/s=13249 p99=8541us par_groups=1514 fallback=0
adaptive-real-10-rep3-f-adaptive-w64-width16-same-leaf-heavy: tx/s=13250 p99=8673us par_groups=1510 fallback=0
ALLDONE
