gate-real-00-rep1-phase-c-w16-width1-uniform: tx/s=8246 p99=3556us par_groups=0 fallback=0
gate-real-00-rep1-phase-e-w16-width1-uniform: tx/s=7868 p99=3288us par_groups=4756 fallback=0
gate-real-00-rep1-f-adaptive-w16-width1-uniform: tx/s=8454 p99=3331us par_groups=0 fallback=0
gate-real-03-rep1-phase-c-w16-width16-uniform: tx/s=1915 p99=16346us par_groups=0 fallback=0
gate-real-03-rep1-phase-e-w16-width16-uniform: tx/s=2732 p99=11015us par_groups=964 fallback=2
gate-real-03-rep1-f-adaptive-w16-width16-uniform: tx/s=2990 p99=10546us par_groups=1038 fallback=2
gate-real-06-rep1-phase-c-w64-width1-uniform: tx/s=24930 p99=5011us par_groups=0 fallback=0
gate-real-06-rep1-phase-e-w64-width1-uniform: tx/s=26014 p99=5651us par_groups=2199 fallback=0
gate-real-06-rep1-f-adaptive-w64-width1-uniform: tx/s=30224 p99=4721us par_groups=2498 fallback=0
gate-real-09-rep1-phase-c-w64-width16-uniform: tx/s=2052 p99=37149us par_groups=0 fallback=0
gate-real-09-rep1-phase-e-w64-width16-uniform: tx/s=3531 p99=36751us par_groups=286 fallback=4
gate-real-09-rep1-f-adaptive-w64-width16-uniform: tx/s=4040 p99=28335us par_groups=321 fallback=4
gate-real-10-rep1-phase-e-w64-width16-same-leaf-heavy: tx/s=13046 p99=8990us par_groups=1519 fallback=0
gate-real-10-rep1-f-adaptive-w64-width16-same-leaf-heavy: tx/s=13391 p99=7861us par_groups=1542 fallback=0
gate-real-10-rep1-phase-c-w64-width16-same-leaf-heavy: tx/s=10866 p99=9026us par_groups=0 fallback=0
gate-real-11-rep1-f-adaptive-w64-width16-different-leaf-heavy: tx/s=7938 p99=14719us par_groups=651 fallback=0
gate-real-11-rep1-phase-c-w64-width16-different-leaf-heavy: tx/s=6138 p99=18920us par_groups=0 fallback=0
gate-real-11-rep1-phase-e-w64-width16-different-leaf-heavy: tx/s=7585 p99=15239us par_groups=626 fallback=0
gate-real-00-rep2-phase-e-w16-width1-uniform: tx/s=8128 p99=3194us par_groups=4796 fallback=0
gate-real-00-rep2-f-adaptive-w16-width1-uniform: tx/s=8331 p99=3656us par_groups=0 fallback=0
gate-real-00-rep2-phase-c-w16-width1-uniform: tx/s=8252 p99=3140us par_groups=0 fallback=0
gate-real-03-rep2-phase-e-w16-width16-uniform: tx/s=2729 p99=11344us par_groups=929 fallback=5
gate-real-03-rep2-f-adaptive-w16-width16-uniform: tx/s=3003 p99=10552us par_groups=1032 fallback=5
gate-real-03-rep2-phase-c-w16-width16-uniform: tx/s=1926 p99=16172us par_groups=0 fallback=0
gate-real-06-rep2-phase-e-w64-width1-uniform: tx/s=28039 p99=5048us par_groups=2289 fallback=0
gate-real-06-rep2-f-adaptive-w64-width1-uniform: tx/s=31126 p99=4403us par_groups=2584 fallback=0
gate-real-06-rep2-phase-c-w64-width1-uniform: tx/s=24696 p99=5189us par_groups=0 fallback=0
gate-real-09-rep2-phase-e-w64-width16-uniform: tx/s=3688 p99=32592us par_groups=292 fallback=4
gate-real-09-rep2-f-adaptive-w64-width16-uniform: tx/s=3949 p99=32649us par_groups=320 fallback=3
gate-real-09-rep2-phase-c-w64-width16-uniform: tx/s=2076 p99=57908us par_groups=0 fallback=0
gate-real-10-rep2-f-adaptive-w64-width16-same-leaf-heavy: tx/s=13475 p99=7553us par_groups=1529 fallback=0
gate-real-10-rep2-phase-c-w64-width16-same-leaf-heavy: tx/s=10773 p99=10069us par_groups=0 fallback=0
gate-real-10-rep2-phase-e-w64-width16-same-leaf-heavy: tx/s=13225 p99=8205us par_groups=1564 fallback=0
gate-real-11-rep2-phase-c-w64-width16-different-leaf-heavy: tx/s=5983 p99=20012us par_groups=0 fallback=0
gate-real-11-rep2-phase-e-w64-width16-different-leaf-heavy: tx/s=7676 p99=15030us par_groups=631 fallback=0
gate-real-11-rep2-f-adaptive-w64-width16-different-leaf-heavy: tx/s=8434 p99=13517us par_groups=677 fallback=0
gate-real-00-rep3-f-adaptive-w16-width1-uniform: tx/s=8576 p99=3362us par_groups=0 fallback=0
gate-real-00-rep3-phase-c-w16-width1-uniform: tx/s=8222 p99=3399us par_groups=0 fallback=0
gate-real-00-rep3-phase-e-w16-width1-uniform: tx/s=8097 p99=3862us par_groups=4729 fallback=0
gate-real-03-rep3-f-adaptive-w16-width16-uniform: tx/s=3057 p99=9978us par_groups=1054 fallback=2
gate-real-03-rep3-phase-c-w16-width16-uniform: tx/s=1944 p99=15852us par_groups=0 fallback=0
gate-real-03-rep3-phase-e-w16-width16-uniform: tx/s=2619 p99=12204us par_groups=951 fallback=2
gate-real-06-rep3-f-adaptive-w64-width1-uniform: tx/s=30153 p99=5302us par_groups=2499 fallback=0
gate-real-06-rep3-phase-c-w64-width1-uniform: tx/s=23697 p99=5840us par_groups=0 fallback=0
gate-real-06-rep3-phase-e-w64-width1-uniform: tx/s=28386 p99=5234us par_groups=2315 fallback=0
gate-real-09-rep3-f-adaptive-w64-width16-uniform: tx/s=4103 p99=28606us par_groups=329 fallback=2
gate-real-09-rep3-phase-c-w64-width16-uniform: tx/s=2072 p99=58507us par_groups=0 fallback=0
gate-real-09-rep3-phase-e-w64-width16-uniform: tx/s=3554 p99=33188us par_groups=285 fallback=1
gate-real-10-rep3-phase-c-w64-width16-same-leaf-heavy: tx/s=10797 p99=9708us par_groups=0 fallback=0
gate-real-10-rep3-phase-e-w64-width16-same-leaf-heavy: tx/s=13203 p99=7858us par_groups=1531 fallback=0
gate-real-10-rep3-f-adaptive-w64-width16-same-leaf-heavy: tx/s=13028 p99=11241us par_groups=1486 fallback=0
gate-real-11-rep3-phase-e-w64-width16-different-leaf-heavy: tx/s=7499 p99=14986us par_groups=605 fallback=0
gate-real-11-rep3-f-adaptive-w64-width16-different-leaf-heavy: tx/s=8434 p99=14969us par_groups=686 fallback=0
gate-real-11-rep3-phase-c-w64-width16-different-leaf-heavy: tx/s=6131 p99=18610us par_groups=0 fallback=0
ALLDONE
