matrix-real-00-rep1-phase-c-w16-width1-uniform: tx/s=8110 p99=3659us par_groups=0 fallback=0
matrix-real-00-rep1-phase-e-w16-width1-uniform: tx/s=7904 p99=3263us par_groups=4427 fallback=0
matrix-real-00-rep1-f-adaptive-w16-width1-uniform: tx/s=8461 p99=3254us par_groups=0 fallback=0
matrix-real-01-rep1-phase-e-w16-width1-same-leaf-heavy: tx/s=9811 p99=2729us par_groups=3779 fallback=0
matrix-real-01-rep1-f-adaptive-w16-width1-same-leaf-heavy: tx/s=9170 p99=2927us par_groups=0 fallback=0
matrix-real-01-rep1-phase-c-w16-width1-same-leaf-heavy: tx/s=9258 p99=2867us par_groups=0 fallback=0
matrix-real-02-rep1-f-adaptive-w16-width1-different-leaf-heavy: tx/s=8653 p99=2983us par_groups=0 fallback=0
matrix-real-02-rep1-phase-c-w16-width1-different-leaf-heavy: tx/s=8528 p99=3091us par_groups=0 fallback=0
matrix-real-02-rep1-phase-e-w16-width1-different-leaf-heavy: tx/s=8536 p99=2957us par_groups=5029 fallback=0
matrix-real-03-rep1-phase-c-w16-width16-uniform: tx/s=1956 p99=15540us par_groups=0 fallback=0
matrix-real-03-rep1-phase-e-w16-width16-uniform: tx/s=2683 p99=11714us par_groups=963 fallback=2
matrix-real-03-rep1-f-adaptive-w16-width16-uniform: tx/s=2968 p99=10630us par_groups=1023 fallback=2
matrix-real-04-rep1-phase-e-w16-width16-same-leaf-heavy: tx/s=6604 p99=4340us par_groups=3510 fallback=0
matrix-real-04-rep1-f-adaptive-w16-width16-same-leaf-heavy: tx/s=6653 p99=3806us par_groups=3550 fallback=0
matrix-real-04-rep1-phase-c-w16-width16-same-leaf-heavy: tx/s=6057 p99=4592us par_groups=0 fallback=0
matrix-real-05-rep1-f-adaptive-w16-width16-different-leaf-heavy: tx/s=6257 p99=5223us par_groups=2563 fallback=0
matrix-real-05-rep1-phase-c-w16-width16-different-leaf-heavy: tx/s=5718 p99=5165us par_groups=0 fallback=0
matrix-real-05-rep1-phase-e-w16-width16-different-leaf-heavy: tx/s=6261 p99=5128us par_groups=2386 fallback=0
matrix-real-06-rep1-phase-c-w64-width1-uniform: tx/s=23977 p99=5043us par_groups=0 fallback=0
matrix-real-06-rep1-phase-e-w64-width1-uniform: tx/s=27986 p99=4801us par_groups=2331 fallback=0
matrix-real-06-rep1-f-adaptive-w64-width1-uniform: tx/s=29995 p99=4680us par_groups=2522 fallback=0
matrix-real-07-rep1-phase-e-w64-width1-same-leaf-heavy: tx/s=33034 p99=4140us par_groups=2398 fallback=0
matrix-real-07-rep1-f-adaptive-w64-width1-same-leaf-heavy: tx/s=33644 p99=3602us par_groups=2197 fallback=0
matrix-real-07-rep1-phase-c-w64-width1-same-leaf-heavy: tx/s=31728 p99=4006us par_groups=0 fallback=0
matrix-real-08-rep1-f-adaptive-w64-width1-different-leaf-heavy: tx/s=30485 p99=4660us par_groups=2676 fallback=0
matrix-real-08-rep1-phase-c-w64-width1-different-leaf-heavy: tx/s=26178 p99=4502us par_groups=0 fallback=0
matrix-real-08-rep1-phase-e-w64-width1-different-leaf-heavy: tx/s=31364 p99=4612us par_groups=2609 fallback=0
matrix-real-09-rep1-phase-c-w64-width16-uniform: tx/s=2055 p99=50888us par_groups=0 fallback=0
matrix-real-09-rep1-phase-e-w64-width16-uniform: tx/s=3621 p99=32238us par_groups=288 fallback=4
matrix-real-09-rep1-f-adaptive-w64-width16-uniform: tx/s=4036 p99=32344us par_groups=324 fallback=4
matrix-real-10-rep1-phase-e-w64-width16-same-leaf-heavy: tx/s=13419 p99=7523us par_groups=1559 fallback=0
matrix-real-10-rep1-f-adaptive-w64-width16-same-leaf-heavy: tx/s=13406 p99=8042us par_groups=1521 fallback=0
matrix-real-10-rep1-phase-c-w64-width16-same-leaf-heavy: tx/s=10762 p99=11012us par_groups=0 fallback=0
matrix-real-11-rep1-f-adaptive-w64-width16-different-leaf-heavy: tx/s=8291 p99=14185us par_groups=668 fallback=0
matrix-real-11-rep1-phase-c-w64-width16-different-leaf-heavy: tx/s=6165 p99=18779us par_groups=0 fallback=0
matrix-real-11-rep1-phase-e-w64-width16-different-leaf-heavy: tx/s=7992 p99=14794us par_groups=644 fallback=0
matrix-real-12-rep1-phase-c-w1-width1-uniform: tx/s=1310 p99=1422us par_groups=0 fallback=0
matrix-real-12-rep1-phase-e-w1-width1-uniform: tx/s=1334 p99=1069us par_groups=0 fallback=0
matrix-real-12-rep1-f-adaptive-w1-width1-uniform: tx/s=1378 p99=1170us par_groups=0 fallback=0
matrix-real-13-rep1-phase-e-w1-width16-uniform: tx/s=840 p99=2323us par_groups=4204 fallback=1
matrix-real-13-rep1-f-adaptive-w1-width16-uniform: tx/s=861 p99=1615us par_groups=0 fallback=0
matrix-real-13-rep1-phase-c-w1-width16-uniform: tx/s=791 p99=2779us par_groups=0 fallback=0
matrix-real-00-rep2-phase-e-w16-width1-uniform: tx/s=8183 p99=3227us par_groups=4934 fallback=0
matrix-real-00-rep2-f-adaptive-w16-width1-uniform: tx/s=8340 p99=3692us par_groups=0 fallback=0
matrix-real-00-rep2-phase-c-w16-width1-uniform: tx/s=8099 p99=3239us par_groups=0 fallback=0
matrix-real-01-rep2-f-adaptive-w16-width1-same-leaf-heavy: tx/s=9342 p99=2961us par_groups=0 fallback=0
matrix-real-01-rep2-phase-c-w16-width1-same-leaf-heavy: tx/s=9334 p99=2775us par_groups=0 fallback=0
matrix-real-01-rep2-phase-e-w16-width1-same-leaf-heavy: tx/s=9095 p99=4130us par_groups=4371 fallback=0
matrix-real-02-rep2-phase-c-w16-width1-different-leaf-heavy: tx/s=8795 p99=3081us par_groups=0 fallback=0
matrix-real-02-rep2-phase-e-w16-width1-different-leaf-heavy: tx/s=8415 p99=3019us par_groups=4783 fallback=0
matrix-real-02-rep2-f-adaptive-w16-width1-different-leaf-heavy: tx/s=8521 p99=3173us par_groups=0 fallback=0
matrix-real-03-rep2-phase-e-w16-width16-uniform: tx/s=2706 p99=11353us par_groups=956 fallback=5
matrix-real-03-rep2-f-adaptive-w16-width16-uniform: tx/s=2708 p99=12543us par_groups=978 fallback=5
matrix-real-03-rep2-phase-c-w16-width16-uniform: tx/s=1898 p99=16313us par_groups=0 fallback=0
matrix-real-04-rep2-f-adaptive-w16-width16-same-leaf-heavy: tx/s=6557 p99=4280us par_groups=3529 fallback=0
matrix-real-04-rep2-phase-c-w16-width16-same-leaf-heavy: tx/s=5963 p99=4431us par_groups=0 fallback=0
matrix-real-04-rep2-phase-e-w16-width16-same-leaf-heavy: tx/s=6612 p99=4910us par_groups=3360 fallback=0
matrix-real-05-rep2-phase-c-w16-width16-different-leaf-heavy: tx/s=5499 p99=5621us par_groups=0 fallback=0
matrix-real-05-rep2-phase-e-w16-width16-different-leaf-heavy: tx/s=6094 p99=5726us par_groups=2173 fallback=0
matrix-real-05-rep2-f-adaptive-w16-width16-different-leaf-heavy: tx/s=6501 p99=4589us par_groups=2551 fallback=0
matrix-real-06-rep2-phase-e-w64-width1-uniform: tx/s=27530 p99=5462us par_groups=2282 fallback=0
matrix-real-06-rep2-f-adaptive-w64-width1-uniform: tx/s=30350 p99=4793us par_groups=2518 fallback=0
matrix-real-06-rep2-phase-c-w64-width1-uniform: tx/s=24079 p99=5181us par_groups=0 fallback=0
matrix-real-07-rep2-f-adaptive-w64-width1-same-leaf-heavy: tx/s=34099 p99=3627us par_groups=2367 fallback=0
matrix-real-07-rep2-phase-c-w64-width1-same-leaf-heavy: tx/s=31913 p99=4043us par_groups=0 fallback=0
matrix-real-07-rep2-phase-e-w64-width1-same-leaf-heavy: tx/s=33866 p99=3701us par_groups=2370 fallback=0
matrix-real-08-rep2-phase-c-w64-width1-different-leaf-heavy: tx/s=26193 p99=4593us par_groups=0 fallback=0
matrix-real-08-rep2-phase-e-w64-width1-different-leaf-heavy: tx/s=30505 p99=4571us par_groups=2635 fallback=0
matrix-real-08-rep2-f-adaptive-w64-width1-different-leaf-heavy: tx/s=31315 p99=3882us par_groups=2669 fallback=0
matrix-real-09-rep2-phase-e-w64-width16-uniform: tx/s=3425 p99=35944us par_groups=281 fallback=4
matrix-real-09-rep2-f-adaptive-w64-width16-uniform: tx/s=3585 p99=36681us par_groups=303 fallback=3
matrix-real-09-rep2-phase-c-w64-width16-uniform: tx/s=2028 p99=61115us par_groups=0 fallback=0
matrix-real-10-rep2-f-adaptive-w64-width16-same-leaf-heavy: tx/s=13265 p99=8869us par_groups=1525 fallback=0
matrix-real-10-rep2-phase-c-w64-width16-same-leaf-heavy: tx/s=10893 p99=8955us par_groups=0 fallback=0
matrix-real-10-rep2-phase-e-w64-width16-same-leaf-heavy: tx/s=12958 p99=9081us par_groups=1501 fallback=0
matrix-real-11-rep2-phase-c-w64-width16-different-leaf-heavy: tx/s=6001 p99=19099us par_groups=0 fallback=0
matrix-real-11-rep2-phase-e-w64-width16-different-leaf-heavy: tx/s=7715 p99=14737us par_groups=625 fallback=0
matrix-real-11-rep2-f-adaptive-w64-width16-different-leaf-heavy: tx/s=8210 p99=14871us par_groups=668 fallback=0
matrix-real-12-rep2-phase-e-w1-width1-uniform: tx/s=1373 p99=1196us par_groups=0 fallback=0
matrix-real-12-rep2-f-adaptive-w1-width1-uniform: tx/s=1339 p99=1154us par_groups=0 fallback=0
matrix-real-12-rep2-phase-c-w1-width1-uniform: tx/s=1427 p99=1049us par_groups=0 fallback=0
matrix-real-13-rep2-f-adaptive-w1-width16-uniform: tx/s=865 p99=1622us par_groups=0 fallback=0
matrix-real-13-rep2-phase-c-w1-width16-uniform: tx/s=821 p99=1824us par_groups=0 fallback=0
matrix-real-13-rep2-phase-e-w1-width16-uniform: tx/s=855 p99=1697us par_groups=4274 fallback=1
matrix-real-00-rep3-f-adaptive-w16-width1-uniform: tx/s=8710 p99=3155us par_groups=0 fallback=0
matrix-real-00-rep3-phase-c-w16-width1-uniform: tx/s=8057 p99=4376us par_groups=0 fallback=0
matrix-real-00-rep3-phase-e-w16-width1-uniform: tx/s=7988 p99=3178us par_groups=4537 fallback=0
matrix-real-01-rep3-phase-c-w16-width1-same-leaf-heavy: tx/s=9592 p99=2717us par_groups=0 fallback=0
matrix-real-01-rep3-phase-e-w16-width1-same-leaf-heavy: tx/s=9596 p99=2807us par_groups=3902 fallback=0
matrix-real-01-rep3-f-adaptive-w16-width1-same-leaf-heavy: tx/s=9465 p99=2799us par_groups=0 fallback=0
matrix-real-02-rep3-phase-e-w16-width1-different-leaf-heavy: tx/s=8367 p99=3427us par_groups=4609 fallback=0
matrix-real-02-rep3-f-adaptive-w16-width1-different-leaf-heavy: tx/s=8698 p99=3064us par_groups=0 fallback=0
matrix-real-02-rep3-phase-c-w16-width1-different-leaf-heavy: tx/s=8301 p99=3604us par_groups=0 fallback=0
matrix-real-03-rep3-f-adaptive-w16-width16-uniform: tx/s=2926 p99=10981us par_groups=1002 fallback=2
matrix-real-03-rep3-phase-c-w16-width16-uniform: tx/s=1853 p99=16597us par_groups=0 fallback=0
matrix-real-03-rep3-phase-e-w16-width16-uniform: tx/s=2634 p99=11790us par_groups=930 fallback=2
matrix-real-04-rep3-phase-c-w16-width16-same-leaf-heavy: tx/s=5907 p99=5239us par_groups=0 fallback=0
matrix-real-04-rep3-phase-e-w16-width16-same-leaf-heavy: tx/s=6549 p99=3886us par_groups=3436 fallback=0
matrix-real-04-rep3-f-adaptive-w16-width16-same-leaf-heavy: tx/s=6566 p99=4698us par_groups=3412 fallback=0
matrix-real-05-rep3-phase-e-w16-width16-different-leaf-heavy: tx/s=6195 p99=5565us par_groups=2181 fallback=0
matrix-real-05-rep3-f-adaptive-w16-width16-different-leaf-heavy: tx/s=6252 p99=4705us par_groups=2567 fallback=0
matrix-real-05-rep3-phase-c-w16-width16-different-leaf-heavy: tx/s=5437 p99=6172us par_groups=0 fallback=0
matrix-real-06-rep3-f-adaptive-w64-width1-uniform: tx/s=28906 p99=4884us par_groups=2459 fallback=0
matrix-real-06-rep3-phase-c-w64-width1-uniform: tx/s=23802 p99=5210us par_groups=0 fallback=0
matrix-real-06-rep3-phase-e-w64-width1-uniform: tx/s=28745 p99=4363us par_groups=2339 fallback=0
matrix-real-07-rep3-phase-c-w64-width1-same-leaf-heavy: tx/s=33081 p99=3291us par_groups=0 fallback=0
matrix-real-07-rep3-phase-e-w64-width1-same-leaf-heavy: tx/s=33662 p99=3634us par_groups=2129 fallback=0
matrix-real-07-rep3-f-adaptive-w64-width1-same-leaf-heavy: tx/s=31786 p99=4316us par_groups=1990 fallback=0
matrix-real-08-rep3-phase-e-w64-width1-different-leaf-heavy: tx/s=30775 p99=4150us par_groups=2653 fallback=0
matrix-real-08-rep3-f-adaptive-w64-width1-different-leaf-heavy: tx/s=30627 p99=4513us par_groups=2661 fallback=0
matrix-real-08-rep3-phase-c-w64-width1-different-leaf-heavy: tx/s=27191 p99=4498us par_groups=0 fallback=0
matrix-real-09-rep3-f-adaptive-w64-width16-uniform: tx/s=3944 p99=33056us par_groups=315 fallback=2
matrix-real-09-rep3-phase-c-w64-width16-uniform: tx/s=2053 p99=45991us par_groups=0 fallback=0
matrix-real-09-rep3-phase-e-w64-width16-uniform: tx/s=3489 p99=36240us par_groups=294 fallback=1
matrix-real-10-rep3-phase-c-w64-width16-same-leaf-heavy: tx/s=10746 p99=10097us par_groups=0 fallback=0
matrix-real-10-rep3-phase-e-w64-width16-same-leaf-heavy: tx/s=13019 p99=8266us par_groups=1504 fallback=0
matrix-real-10-rep3-f-adaptive-w64-width16-same-leaf-heavy: tx/s=13383 p99=8555us par_groups=1493 fallback=0
matrix-real-11-rep3-phase-e-w64-width16-different-leaf-heavy: tx/s=7318 p99=16460us par_groups=614 fallback=0
matrix-real-11-rep3-f-adaptive-w64-width16-different-leaf-heavy: tx/s=8159 p99=14266us par_groups=660 fallback=0
matrix-real-11-rep3-phase-c-w64-width16-different-leaf-heavy: tx/s=5923 p99=19494us par_groups=0 fallback=0
matrix-real-12-rep3-f-adaptive-w1-width1-uniform: tx/s=1250 p99=1243us par_groups=0 fallback=0
matrix-real-12-rep3-phase-c-w1-width1-uniform: tx/s=1298 p99=1189us par_groups=0 fallback=0
matrix-real-12-rep3-phase-e-w1-width1-uniform: tx/s=1341 p99=1076us par_groups=0 fallback=0
matrix-real-13-rep3-phase-c-w1-width16-uniform: tx/s=806 p99=1741us par_groups=0 fallback=0
matrix-real-13-rep3-phase-e-w1-width16-uniform: tx/s=814 p99=2249us par_groups=4077 fallback=0
matrix-real-13-rep3-f-adaptive-w1-width16-uniform: tx/s=888 p99=1865us par_groups=0 fallback=0
confirm-real-06-rep1-f-adaptive-w64-width1-uniform: tx/s=29771 p99=4991us par_groups=2416 fallback=0
confirm-rocksdb-06-rep1-w64-width1-uniform: tx/s=26143 p99=4828us
confirm-rocksdb-09-rep1-w64-width16-uniform: tx/s=9618 p99=14833us
confirm-real-09-rep1-f-adaptive-w64-width16-uniform: tx/s=3820 p99=31357us par_groups=306 fallback=4
confirm-rocksdb-06-rep2-w64-width1-uniform: tx/s=26320 p99=4494us
confirm-real-06-rep2-f-adaptive-w64-width1-uniform: tx/s=29827 p99=4555us par_groups=2469 fallback=0
confirm-real-09-rep2-f-adaptive-w64-width16-uniform: tx/s=3970 p99=29743us par_groups=317 fallback=3
confirm-rocksdb-09-rep2-w64-width16-uniform: tx/s=9814 p99=14066us
confirm-real-06-rep3-f-adaptive-w64-width1-uniform: tx/s=29967 p99=5011us par_groups=2518 fallback=0
confirm-rocksdb-06-rep3-w64-width1-uniform: tx/s=26800 p99=3785us
confirm-rocksdb-09-rep3-w64-width16-uniform: tx/s=9931 p99=13797us
confirm-real-09-rep3-f-adaptive-w64-width16-uniform: tx/s=3781 p99=27504us par_groups=306 fallback=1
ALLDONE
