attr-real-00-rep1-page-delta-w16-width1-uniform: tx/s=8179 p99=3331us wal_b_per_tx=226.8
attr-real-03-rep1-page-delta-w16-width16-uniform: tx/s=1891 p99=16494us wal_b_per_tx=2612.8
attr-real-06-rep1-page-delta-w64-width1-uniform: tx/s=24480 p99=5025us wal_b_per_tx=226.7
attr-real-09-rep1-page-delta-w64-width16-uniform: tx/s=2055 p99=59055us wal_b_per_tx=2610.2
attr-real-10-rep1-page-delta-w64-width16-same-leaf-heavy: tx/s=10836 p99=9241us wal_b_per_tx=405.4
attr-real-11-rep1-page-delta-w64-width16-different-leaf-heavy: tx/s=5886 p99=19921us wal_b_per_tx=1364.2
attr-disabled-00-rep1-page-delta-w16-width1-uniform: tx/s=32881 p99=1505us wal_b_per_tx=226.8
attr-disabled-03-rep1-page-delta-w16-width16-uniform: tx/s=2586 p99=13716us wal_b_per_tx=2615.8
attr-disabled-06-rep1-page-delta-w64-width1-uniform: tx/s=36534 p99=4623us wal_b_per_tx=226.7
attr-disabled-09-rep1-page-delta-w64-width16-uniform: tx/s=2251 p99=59833us wal_b_per_tx=2609.0
attr-disabled-10-rep1-page-delta-w64-width16-same-leaf-heavy: tx/s=14093 p99=7164us wal_b_per_tx=487.7
attr-disabled-11-rep1-page-delta-w64-width16-different-leaf-heavy: tx/s=7831 p99=14960us wal_b_per_tx=1359.3
attr-disabled-00-rep2-page-delta-w16-width1-uniform: tx/s=33680 p99=1324us wal_b_per_tx=226.8
attr-disabled-03-rep2-page-delta-w16-width16-uniform: tx/s=2625 p99=11415us wal_b_per_tx=2634.1
attr-disabled-06-rep2-page-delta-w64-width1-uniform: tx/s=37471 p99=3548us wal_b_per_tx=226.7
attr-disabled-09-rep2-page-delta-w64-width16-uniform: tx/s=2268 p99=60696us wal_b_per_tx=2621.4
attr-disabled-10-rep2-page-delta-w64-width16-same-leaf-heavy: tx/s=14403 p99=6414us wal_b_per_tx=537.6
attr-disabled-11-rep2-page-delta-w64-width16-different-leaf-heavy: tx/s=7922 p99=15061us wal_b_per_tx=1363.3
attr-real-00-rep2-page-delta-w16-width1-uniform: tx/s=7939 p99=3242us wal_b_per_tx=226.8
attr-real-03-rep2-page-delta-w16-width16-uniform: tx/s=1918 p99=16021us wal_b_per_tx=2637.7
attr-real-06-rep2-page-delta-w64-width1-uniform: tx/s=22339 p99=6407us wal_b_per_tx=226.8
attr-real-09-rep2-page-delta-w64-width16-uniform: tx/s=2067 p99=58928us wal_b_per_tx=2623.7
attr-real-10-rep2-page-delta-w64-width16-same-leaf-heavy: tx/s=10792 p99=9428us wal_b_per_tx=387.6
attr-real-11-rep2-page-delta-w64-width16-different-leaf-heavy: tx/s=6096 p99=19054us wal_b_per_tx=1364.2
attr-real-00-rep3-page-delta-w16-width1-uniform: tx/s=8350 p99=3173us wal_b_per_tx=226.8
attr-real-03-rep3-page-delta-w16-width16-uniform: tx/s=1931 p99=16239us wal_b_per_tx=2613.6
attr-real-06-rep3-page-delta-w64-width1-uniform: tx/s=23817 p99=5261us wal_b_per_tx=226.7
attr-real-09-rep3-page-delta-w64-width16-uniform: tx/s=2068 p99=58950us wal_b_per_tx=2602.0
attr-real-10-rep3-page-delta-w64-width16-same-leaf-heavy: tx/s=10738 p99=9248us wal_b_per_tx=411.3
attr-real-11-rep3-page-delta-w64-width16-different-leaf-heavy: tx/s=5598 p99=21776us wal_b_per_tx=1364.0
attr-disabled-00-rep3-page-delta-w16-width1-uniform: tx/s=33677 p99=1183us wal_b_per_tx=226.8
attr-disabled-03-rep3-page-delta-w16-width16-uniform: tx/s=2605 p99=12477us wal_b_per_tx=2616.7
attr-disabled-06-rep3-page-delta-w64-width1-uniform: tx/s=38044 p99=3479us wal_b_per_tx=226.7
attr-disabled-09-rep3-page-delta-w64-width16-uniform: tx/s=2291 p99=51108us wal_b_per_tx=2601.5
attr-disabled-10-rep3-page-delta-w64-width16-same-leaf-heavy: tx/s=14238 p99=6997us wal_b_per_tx=492.3
attr-disabled-11-rep3-page-delta-w64-width16-different-leaf-heavy: tx/s=7959 p99=14536us wal_b_per_tx=1356.8
