turso-wal-00-rep1-w16-width1-uniform: exit=0 elapsed=9.5s
turso-mvcc-gc-00-rep1-w16-width1-uniform: exit=0 elapsed=10.1s
rocksdb-00-rep1-w16-width1-uniform: exit=0 elapsed=7.9s
rocksdb-pipelined-00-rep1-w16-width1-uniform: exit=0 elapsed=7.8s
turso-mvcc-nogc-00-rep1-w16-width1-uniform: exit=0 elapsed=10.1s
turso-mvcc-gc-00-rep2-w16-width1-uniform: exit=0 elapsed=10.2s
rocksdb-00-rep2-w16-width1-uniform: exit=0 elapsed=7.8s
rocksdb-pipelined-00-rep2-w16-width1-uniform: exit=0 elapsed=7.9s
turso-mvcc-nogc-00-rep2-w16-width1-uniform: exit=0 elapsed=10.2s
turso-wal-00-rep2-w16-width1-uniform: exit=0 elapsed=9.5s
rocksdb-00-rep3-w16-width1-uniform: exit=0 elapsed=7.9s
rocksdb-pipelined-00-rep3-w16-width1-uniform: exit=0 elapsed=7.9s
turso-mvcc-nogc-00-rep3-w16-width1-uniform: exit=0 elapsed=10.2s
turso-wal-00-rep3-w16-width1-uniform: exit=0 elapsed=9.5s
turso-mvcc-gc-00-rep3-w16-width1-uniform: exit=0 elapsed=10.5s
turso-mvcc-gc-01-rep1-w16-width1-compact-locality: exit=0 elapsed=9.7s
rocksdb-01-rep1-w16-width1-compact-locality: exit=0 elapsed=7.6s
rocksdb-pipelined-01-rep1-w16-width1-compact-locality: exit=0 elapsed=7.6s
turso-wal-01-rep1-w16-width1-compact-locality: exit=0 elapsed=8.4s
rocksdb-01-rep2-w16-width1-compact-locality: exit=0 elapsed=7.7s
rocksdb-pipelined-01-rep2-w16-width1-compact-locality: exit=0 elapsed=7.6s
turso-wal-01-rep2-w16-width1-compact-locality: exit=0 elapsed=8.4s
turso-mvcc-gc-01-rep2-w16-width1-compact-locality: exit=0 elapsed=9.6s
rocksdb-pipelined-01-rep3-w16-width1-compact-locality: exit=0 elapsed=7.6s
turso-wal-01-rep3-w16-width1-compact-locality: exit=0 elapsed=8.4s
turso-mvcc-gc-01-rep3-w16-width1-compact-locality: exit=0 elapsed=9.6s
rocksdb-01-rep3-w16-width1-compact-locality: exit=0 elapsed=7.6s
rocksdb-02-rep1-w16-width1-spread-locality: exit=0 elapsed=7.7s
rocksdb-pipelined-02-rep1-w16-width1-spread-locality: exit=0 elapsed=7.7s
turso-wal-02-rep1-w16-width1-spread-locality: exit=0 elapsed=8.5s
turso-mvcc-gc-02-rep1-w16-width1-spread-locality: exit=0 elapsed=10.4s
rocksdb-pipelined-02-rep2-w16-width1-spread-locality: exit=0 elapsed=7.7s
turso-wal-02-rep2-w16-width1-spread-locality: exit=0 elapsed=8.5s
turso-mvcc-gc-02-rep2-w16-width1-spread-locality: exit=0 elapsed=10.4s
rocksdb-02-rep2-w16-width1-spread-locality: exit=0 elapsed=7.7s
turso-wal-02-rep3-w16-width1-spread-locality: exit=0 elapsed=8.5s
turso-mvcc-gc-02-rep3-w16-width1-spread-locality: exit=0 elapsed=10.3s
rocksdb-02-rep3-w16-width1-spread-locality: exit=0 elapsed=7.7s
rocksdb-pipelined-02-rep3-w16-width1-spread-locality: exit=0 elapsed=7.7s
rocksdb-pipelined-03-rep1-w16-width16-uniform: exit=0 elapsed=8.7s
turso-mvcc-nogc-03-rep1-w16-width16-uniform: exit=0 elapsed=10.6s
turso-wal-03-rep1-w16-width16-uniform: exit=0 elapsed=9.9s
turso-mvcc-gc-03-rep1-w16-width16-uniform: exit=0 elapsed=10.2s
rocksdb-03-rep1-w16-width16-uniform: exit=0 elapsed=8.2s
turso-mvcc-nogc-03-rep2-w16-width16-uniform: exit=0 elapsed=10.5s
turso-wal-03-rep2-w16-width16-uniform: exit=0 elapsed=9.8s
turso-mvcc-gc-03-rep2-w16-width16-uniform: exit=0 elapsed=10.5s
rocksdb-03-rep2-w16-width16-uniform: exit=0 elapsed=8.1s
rocksdb-pipelined-03-rep2-w16-width16-uniform: exit=0 elapsed=8.7s
turso-wal-03-rep3-w16-width16-uniform: exit=0 elapsed=9.8s
turso-mvcc-gc-03-rep3-w16-width16-uniform: exit=0 elapsed=10.2s
rocksdb-03-rep3-w16-width16-uniform: exit=0 elapsed=8.2s
rocksdb-pipelined-03-rep3-w16-width16-uniform: exit=0 elapsed=8.7s
turso-mvcc-nogc-03-rep3-w16-width16-uniform: exit=0 elapsed=10.6s
turso-wal-04-rep1-w16-width16-compact-locality: exit=0 elapsed=8.4s
turso-mvcc-gc-04-rep1-w16-width16-compact-locality: exit=0 elapsed=9.5s
rocksdb-04-rep1-w16-width16-compact-locality: exit=0 elapsed=7.7s
rocksdb-pipelined-04-rep1-w16-width16-compact-locality: exit=0 elapsed=7.9s
turso-mvcc-gc-04-rep2-w16-width16-compact-locality: exit=0 elapsed=9.7s
rocksdb-04-rep2-w16-width16-compact-locality: exit=0 elapsed=7.7s
rocksdb-pipelined-04-rep2-w16-width16-compact-locality: exit=0 elapsed=7.9s
turso-wal-04-rep2-w16-width16-compact-locality: exit=0 elapsed=8.5s
rocksdb-04-rep3-w16-width16-compact-locality: exit=0 elapsed=7.7s
rocksdb-pipelined-04-rep3-w16-width16-compact-locality: exit=0 elapsed=7.9s
turso-wal-04-rep3-w16-width16-compact-locality: exit=0 elapsed=8.4s
turso-mvcc-gc-04-rep3-w16-width16-compact-locality: exit=0 elapsed=9.8s
turso-mvcc-gc-05-rep1-w16-width16-spread-locality: exit=0 elapsed=13.5s
rocksdb-05-rep1-w16-width16-spread-locality: exit=0 elapsed=8.1s
rocksdb-pipelined-05-rep1-w16-width16-spread-locality: exit=0 elapsed=8.3s
turso-wal-05-rep1-w16-width16-spread-locality: exit=0 elapsed=8.5s
rocksdb-05-rep2-w16-width16-spread-locality: exit=0 elapsed=8.1s
rocksdb-pipelined-05-rep2-w16-width16-spread-locality: exit=0 elapsed=8.2s
turso-wal-05-rep2-w16-width16-spread-locality: exit=0 elapsed=8.5s
turso-mvcc-gc-05-rep2-w16-width16-spread-locality: exit=0 elapsed=13.6s
rocksdb-pipelined-05-rep3-w16-width16-spread-locality: exit=0 elapsed=8.3s
turso-wal-05-rep3-w16-width16-spread-locality: exit=0 elapsed=8.5s
turso-mvcc-gc-05-rep3-w16-width16-spread-locality: exit=0 elapsed=13.3s
rocksdb-05-rep3-w16-width16-spread-locality: exit=0 elapsed=8.1s
turso-mvcc-gc-06-rep1-w64-width1-uniform: exit=0 elapsed=10.1s
rocksdb-06-rep1-w64-width1-uniform: exit=0 elapsed=8.2s
rocksdb-pipelined-06-rep1-w64-width1-uniform: exit=0 elapsed=8.3s
turso-mvcc-nogc-06-rep1-w64-width1-uniform: exit=0 elapsed=11.5s
turso-wal-06-rep1-w64-width1-uniform: exit=0 elapsed=9.6s
rocksdb-06-rep2-w64-width1-uniform: exit=0 elapsed=8.2s
rocksdb-pipelined-06-rep2-w64-width1-uniform: exit=0 elapsed=8.3s
turso-mvcc-nogc-06-rep2-w64-width1-uniform: exit=0 elapsed=11.8s
turso-wal-06-rep2-w64-width1-uniform: exit=0 elapsed=9.5s
turso-mvcc-gc-06-rep2-w64-width1-uniform: exit=0 elapsed=10.1s
rocksdb-pipelined-06-rep3-w64-width1-uniform: exit=0 elapsed=8.3s
turso-mvcc-nogc-06-rep3-w64-width1-uniform: exit=0 elapsed=11.8s
turso-wal-06-rep3-w64-width1-uniform: exit=0 elapsed=9.5s
turso-mvcc-gc-06-rep3-w64-width1-uniform: exit=0 elapsed=10.2s
rocksdb-06-rep3-w64-width1-uniform: exit=0 elapsed=8.2s
rocksdb-pipelined-07-rep1-w64-width1-compact-locality: exit=0 elapsed=7.7s
turso-wal-07-rep1-w64-width1-compact-locality: exit=0 elapsed=8.5s
turso-mvcc-gc-07-rep1-w64-width1-compact-locality: exit=0 elapsed=10.0s
rocksdb-07-rep1-w64-width1-compact-locality: exit=0 elapsed=8.2s
turso-wal-07-rep2-w64-width1-compact-locality: exit=0 elapsed=8.6s
turso-mvcc-gc-07-rep2-w64-width1-compact-locality: exit=0 elapsed=10.0s
rocksdb-07-rep2-w64-width1-compact-locality: exit=0 elapsed=7.8s
rocksdb-pipelined-07-rep2-w64-width1-compact-locality: exit=0 elapsed=7.9s
turso-mvcc-gc-07-rep3-w64-width1-compact-locality: exit=0 elapsed=10.4s
rocksdb-07-rep3-w64-width1-compact-locality: exit=0 elapsed=7.8s
rocksdb-pipelined-07-rep3-w64-width1-compact-locality: exit=0 elapsed=7.8s
turso-wal-07-rep3-w64-width1-compact-locality: exit=0 elapsed=8.6s
turso-wal-08-rep1-w64-width1-spread-locality: exit=0 elapsed=8.6s
turso-mvcc-gc-08-rep1-w64-width1-spread-locality: exit=0 elapsed=9.9s
rocksdb-08-rep1-w64-width1-spread-locality: exit=0 elapsed=7.9s
rocksdb-pipelined-08-rep1-w64-width1-spread-locality: exit=0 elapsed=7.9s
turso-mvcc-gc-08-rep2-w64-width1-spread-locality: exit=0 elapsed=9.9s
rocksdb-08-rep2-w64-width1-spread-locality: exit=0 elapsed=7.9s
rocksdb-pipelined-08-rep2-w64-width1-spread-locality: exit=0 elapsed=7.9s
turso-wal-08-rep2-w64-width1-spread-locality: exit=0 elapsed=8.6s
rocksdb-08-rep3-w64-width1-spread-locality: exit=0 elapsed=7.9s
rocksdb-pipelined-08-rep3-w64-width1-spread-locality: exit=0 elapsed=8.0s
turso-wal-08-rep3-w64-width1-spread-locality: exit=0 elapsed=8.6s
turso-mvcc-gc-08-rep3-w64-width1-spread-locality: exit=0 elapsed=9.7s
turso-mvcc-nogc-09-rep1-w64-width16-uniform: exit=0 elapsed=11.9s
turso-wal-09-rep1-w64-width16-uniform: exit=0 elapsed=9.8s
turso-mvcc-gc-09-rep1-w64-width16-uniform: exit=0 elapsed=10.6s
rocksdb-09-rep1-w64-width16-uniform: exit=0 elapsed=9.5s
rocksdb-pipelined-09-rep1-w64-width16-uniform: exit=0 elapsed=9.2s
turso-wal-09-rep2-w64-width16-uniform: exit=0 elapsed=9.9s
turso-mvcc-gc-09-rep2-w64-width16-uniform: exit=0 elapsed=10.8s
rocksdb-09-rep2-w64-width16-uniform: exit=0 elapsed=9.6s
rocksdb-pipelined-09-rep2-w64-width16-uniform: exit=0 elapsed=9.3s
turso-mvcc-nogc-09-rep2-w64-width16-uniform: exit=0 elapsed=11.7s
turso-mvcc-gc-09-rep3-w64-width16-uniform: exit=0 elapsed=10.8s
rocksdb-09-rep3-w64-width16-uniform: exit=0 elapsed=9.5s
rocksdb-pipelined-09-rep3-w64-width16-uniform: exit=0 elapsed=9.3s
turso-mvcc-nogc-09-rep3-w64-width16-uniform: exit=0 elapsed=12.2s
turso-wal-09-rep3-w64-width16-uniform: exit=0 elapsed=9.7s
rocksdb-10-rep1-w64-width16-compact-locality: exit=0 elapsed=7.7s
rocksdb-pipelined-10-rep1-w64-width16-compact-locality: exit=0 elapsed=7.5s
turso-wal-10-rep1-w64-width16-compact-locality: exit=0 elapsed=8.6s
turso-mvcc-gc-10-rep1-w64-width16-compact-locality: exit=0 elapsed=9.9s
rocksdb-pipelined-10-rep2-w64-width16-compact-locality: exit=0 elapsed=7.6s
turso-wal-10-rep2-w64-width16-compact-locality: exit=0 elapsed=8.6s
turso-mvcc-gc-10-rep2-w64-width16-compact-locality: exit=0 elapsed=9.9s
rocksdb-10-rep2-w64-width16-compact-locality: exit=0 elapsed=7.9s
turso-wal-10-rep3-w64-width16-compact-locality: exit=0 elapsed=8.6s
turso-mvcc-gc-10-rep3-w64-width16-compact-locality: exit=0 elapsed=10.0s
rocksdb-10-rep3-w64-width16-compact-locality: exit=0 elapsed=7.7s
rocksdb-pipelined-10-rep3-w64-width16-compact-locality: exit=0 elapsed=7.6s
rocksdb-pipelined-11-rep1-w64-width16-spread-locality: exit=0 elapsed=8.0s
turso-wal-11-rep1-w64-width16-spread-locality: exit=0 elapsed=8.7s
turso-mvcc-gc-11-rep1-w64-width16-spread-locality: exit=0 elapsed=10.0s
rocksdb-11-rep1-w64-width16-spread-locality: exit=0 elapsed=8.0s
turso-wal-11-rep2-w64-width16-spread-locality: exit=0 elapsed=8.7s
turso-mvcc-gc-11-rep2-w64-width16-spread-locality: exit=0 elapsed=10.2s
rocksdb-11-rep2-w64-width16-spread-locality: exit=0 elapsed=8.1s
rocksdb-pipelined-11-rep2-w64-width16-spread-locality: exit=0 elapsed=8.0s
turso-mvcc-gc-11-rep3-w64-width16-spread-locality: exit=0 elapsed=10.2s
rocksdb-11-rep3-w64-width16-spread-locality: exit=0 elapsed=8.1s
rocksdb-pipelined-11-rep3-w64-width16-spread-locality: exit=0 elapsed=8.1s
turso-wal-11-rep3-w64-width16-spread-locality: exit=0 elapsed=8.7s
turso-wal-12-rep1-w1-width1-uniform: exit=0 elapsed=9.4s
turso-mvcc-gc-12-rep1-w1-width1-uniform: exit=0 elapsed=9.9s
rocksdb-12-rep1-w1-width1-uniform: exit=0 elapsed=7.7s
rocksdb-pipelined-12-rep1-w1-width1-uniform: exit=0 elapsed=7.7s
turso-mvcc-gc-12-rep2-w1-width1-uniform: exit=0 elapsed=9.8s
rocksdb-12-rep2-w1-width1-uniform: exit=0 elapsed=7.7s
rocksdb-pipelined-12-rep2-w1-width1-uniform: exit=0 elapsed=7.7s
turso-wal-12-rep2-w1-width1-uniform: exit=0 elapsed=9.4s
rocksdb-12-rep3-w1-width1-uniform: exit=0 elapsed=7.7s
rocksdb-pipelined-12-rep3-w1-width1-uniform: exit=0 elapsed=7.7s
turso-wal-12-rep3-w1-width1-uniform: exit=0 elapsed=9.4s
turso-mvcc-gc-12-rep3-w1-width1-uniform: exit=0 elapsed=9.9s
turso-mvcc-gc-13-rep1-w1-width16-uniform: exit=0 elapsed=10.1s
rocksdb-13-rep1-w1-width16-uniform: exit=0 elapsed=8.1s
rocksdb-pipelined-13-rep1-w1-width16-uniform: exit=0 elapsed=8.0s
turso-wal-13-rep1-w1-width16-uniform: exit=0 elapsed=9.4s
rocksdb-13-rep2-w1-width16-uniform: exit=0 elapsed=8.1s
rocksdb-pipelined-13-rep2-w1-width16-uniform: exit=0 elapsed=8.0s
turso-wal-13-rep2-w1-width16-uniform: exit=0 elapsed=9.4s
turso-mvcc-gc-13-rep2-w1-width16-uniform: exit=0 elapsed=9.9s
rocksdb-pipelined-13-rep3-w1-width16-uniform: exit=0 elapsed=8.0s
turso-wal-13-rep3-w1-width16-uniform: exit=0 elapsed=9.4s
turso-mvcc-gc-13-rep3-w1-width16-uniform: exit=0 elapsed=9.9s
rocksdb-13-rep3-w1-width16-uniform: exit=0 elapsed=8.0s
