cpu-disabled-09-rep1-serial-d-w64-width16-uniform: tx/s=2230 p99=62065us par_groups=0 fallback=0
cpu-disabled-09-rep1-par1-w64-width16-uniform: tx/s=2395 p99=49325us par_groups=217 fallback=1
cpu-disabled-09-rep1-par2-w64-width16-uniform: tx/s=2414 p99=52376us par_groups=234 fallback=1
cpu-disabled-09-rep1-phase-c-w64-width16-uniform: tx/s=2257 p99=70887us par_groups=0 fallback=0
cpu-disabled-10-rep1-par1-w64-width16-same-leaf-heavy: tx/s=14210 p99=7012us par_groups=1741 fallback=0
cpu-disabled-10-rep1-par2-w64-width16-same-leaf-heavy: tx/s=15609 p99=7309us par_groups=1964 fallback=0
cpu-disabled-10-rep1-phase-c-w64-width16-same-leaf-heavy: tx/s=14480 p99=6493us par_groups=0 fallback=0
cpu-disabled-10-rep1-serial-d-w64-width16-same-leaf-heavy: tx/s=14318 p99=7047us par_groups=0 fallback=0
cpu-disabled-11-rep1-par2-w64-width16-different-leaf-heavy: tx/s=8294 p99=14179us par_groups=747 fallback=0
cpu-disabled-11-rep1-phase-c-w64-width16-different-leaf-heavy: tx/s=7975 p99=14761us par_groups=0 fallback=0
cpu-disabled-11-rep1-serial-d-w64-width16-different-leaf-heavy: tx/s=7754 p99=21954us par_groups=0 fallback=0
cpu-disabled-11-rep1-par1-w64-width16-different-leaf-heavy: tx/s=8206 p99=15470us par_groups=733 fallback=0
cpu-disabled-09-rep2-par1-w64-width16-uniform: tx/s=2326 p99=50874us par_groups=214 fallback=3
cpu-disabled-09-rep2-par2-w64-width16-uniform: tx/s=2453 p99=84709us par_groups=234 fallback=3
cpu-disabled-09-rep2-phase-c-w64-width16-uniform: tx/s=2249 p99=54883us par_groups=0 fallback=0
cpu-disabled-09-rep2-serial-d-w64-width16-uniform: tx/s=2244 p99=54825us par_groups=0 fallback=0
cpu-disabled-10-rep2-par2-w64-width16-same-leaf-heavy: tx/s=15544 p99=7175us par_groups=1944 fallback=0
cpu-disabled-10-rep2-phase-c-w64-width16-same-leaf-heavy: tx/s=14223 p99=6697us par_groups=0 fallback=0
cpu-disabled-10-rep2-serial-d-w64-width16-same-leaf-heavy: tx/s=13833 p99=10628us par_groups=0 fallback=0
cpu-disabled-10-rep2-par1-w64-width16-same-leaf-heavy: tx/s=14277 p99=6894us par_groups=1763 fallback=0
cpu-disabled-11-rep2-phase-c-w64-width16-different-leaf-heavy: tx/s=7833 p99=18309us par_groups=0 fallback=0
cpu-disabled-11-rep2-serial-d-w64-width16-different-leaf-heavy: tx/s=8017 p99=14274us par_groups=0 fallback=0
cpu-disabled-11-rep2-par1-w64-width16-different-leaf-heavy: tx/s=8290 p99=13914us par_groups=772 fallback=0
cpu-disabled-11-rep2-par2-w64-width16-different-leaf-heavy: tx/s=8083 p99=16305us par_groups=767 fallback=0
cpu-disabled-09-rep3-par2-w64-width16-uniform: tx/s=2599 p99=45059us par_groups=217 fallback=1
cpu-disabled-09-rep3-phase-c-w64-width16-uniform: tx/s=2255 p99=43339us par_groups=0 fallback=0
cpu-disabled-09-rep3-serial-d-w64-width16-uniform: tx/s=2234 p99=62914us par_groups=0 fallback=0
cpu-disabled-09-rep3-par1-w64-width16-uniform: tx/s=2307 p99=51127us par_groups=219 fallback=0
cpu-disabled-10-rep3-phase-c-w64-width16-same-leaf-heavy: tx/s=13909 p99=8281us par_groups=0 fallback=0
cpu-disabled-10-rep3-serial-d-w64-width16-same-leaf-heavy: tx/s=13917 p99=7461us par_groups=0 fallback=0
cpu-disabled-10-rep3-par1-w64-width16-same-leaf-heavy: tx/s=13952 p99=7196us par_groups=1695 fallback=0
cpu-disabled-10-rep3-par2-w64-width16-same-leaf-heavy: tx/s=15769 p99=6559us par_groups=1977 fallback=0
cpu-disabled-11-rep3-serial-d-w64-width16-different-leaf-heavy: tx/s=7655 p99=17529us par_groups=0 fallback=0
cpu-disabled-11-rep3-par1-w64-width16-different-leaf-heavy: tx/s=8177 p99=14864us par_groups=735 fallback=0
cpu-disabled-11-rep3-par2-w64-width16-different-leaf-heavy: tx/s=8336 p99=14553us par_groups=775 fallback=0
cpu-disabled-11-rep3-phase-c-w64-width16-different-leaf-heavy: tx/s=7577 p99=16244us par_groups=0 fallback=0
