phase0-bench engine=planned-blink build=release cpu="unknown" logical_cpus=2 tokio_workers=2 duration=120s warmup=10s repetitions=1
raw output: /tmp/dodb-phase-b-results/raw/sustained-page-delta-nockpt-15-w64-width1-uniform.jsonl
scenario                                                       repetition throughput summary
resource_sample label=seeded unix_ms=1790407351215 rss_kib=1160012 wal_bytes=3815026440 wal_committed_batches=40000 wal_page_images=732186 retained_recovery_batches=0 retained_recovery_page_images=0 wal_page_image_records=732186 wal_page_delta_records=425401 wal_syncs=626 wal_sync_nanos=22397292421 dirty_pages=68448 logical_transactions=0
resource_sample label=measurement_start unix_ms=1790407361292 rss_kib=1357256 wal_bytes=3863940311 wal_committed_batches=255016 wal_page_images=732186 retained_recovery_batches=0 retained_recovery_page_images=0 wal_page_image_records=732186 wal_page_delta_records=640417 wal_syncs=4143 wal_sync_nanos=25549007439 dirty_pages=68448 logical_transactions=215016
resource_sample label=window_00_end unix_ms=1790407371295 rss_kib=1403284 wal_bytes=3911439953 wal_committed_batches=463809 wal_page_images=732186 retained_recovery_batches=0 retained_recovery_page_images=0 wal_page_image_records=732186 wal_page_delta_records=849210 wal_syncs=7515 wal_sync_nanos=28641729026 dirty_pages=68448 logical_transactions=423809
resource_sample label=window_01_end unix_ms=1790407381297 rss_kib=1445976 wal_bytes=3958947482 wal_committed_batches=672649 wal_page_images=732186 retained_recovery_batches=0 retained_recovery_page_images=0 wal_page_image_records=732186 wal_page_delta_records=1058050 wal_syncs=10929 wal_sync_nanos=31758675855 dirty_pages=68448 logical_transactions=632649
resource_sample label=window_02_end unix_ms=1790407391296 rss_kib=1511668 wal_bytes=4005131667 wal_committed_batches=875672 wal_page_images=732186 retained_recovery_batches=0 retained_recovery_page_images=0 wal_page_image_records=732186 wal_page_delta_records=1261073 wal_syncs=14355 wal_sync_nanos=34854783609 dirty_pages=68448 logical_transactions=835672
resource_sample label=window_03_end unix_ms=1790407401296 rss_kib=1530164 wal_bytes=4052446358 wal_committed_batches=1083667 wal_page_images=732186 retained_recovery_batches=0 retained_recovery_page_images=0 wal_page_image_records=732186 wal_page_delta_records=1469068 wal_syncs=17710 wal_sync_nanos=37947816482 dirty_pages=68448 logical_transactions=1043667
resource_sample label=window_04_end unix_ms=1790407411296 rss_kib=1549436 wal_bytes=4098323497 wal_committed_batches=1285340 wal_page_images=732186 retained_recovery_batches=0 retained_recovery_page_images=0 wal_page_image_records=732186 wal_page_delta_records=1670741 wal_syncs=21009 wal_sync_nanos=40990093097 dirty_pages=68448 logical_transactions=1245340
resource_sample label=window_05_end unix_ms=1790407421294 rss_kib=1596596 wal_bytes=4144931325 wal_committed_batches=1490224 wal_page_images=732186 retained_recovery_batches=0 retained_recovery_page_images=0 wal_page_image_records=732186 wal_page_delta_records=1875625 wal_syncs=24506 wal_sync_nanos=44142304731 dirty_pages=68448 logical_transactions=1450224
resource_sample label=window_06_end unix_ms=1790407431296 rss_kib=1602896 wal_bytes=4190164750 wal_committed_batches=1689066 wal_page_images=732186 retained_recovery_batches=0 retained_recovery_page_images=0 wal_page_image_records=732186 wal_page_delta_records=2074467 wal_syncs=27846 wal_sync_nanos=47176711950 dirty_pages=68448 logical_transactions=1649066
resource_sample label=window_07_end unix_ms=1790407441296 rss_kib=1626660 wal_bytes=4237404692 wal_committed_batches=1896741 wal_page_images=732186 retained_recovery_batches=0 retained_recovery_page_images=0 wal_page_image_records=732186 wal_page_delta_records=2282142 wal_syncs=31257 wal_sync_nanos=50256710534 dirty_pages=68448 logical_transactions=1856741
resource_sample label=window_08_end unix_ms=1790407451295 rss_kib=1651400 wal_bytes=4283826713 wal_committed_batches=2100790 wal_page_images=732186 retained_recovery_batches=0 retained_recovery_page_images=0 wal_page_image_records=732186 wal_page_delta_records=2486191 wal_syncs=34584 wal_sync_nanos=53327120823 dirty_pages=68448 logical_transactions=2060790
resource_sample label=window_09_end unix_ms=1790407461296 rss_kib=1667004 wal_bytes=4330388845 wal_committed_batches=2305477 wal_page_images=732186 retained_recovery_batches=0 retained_recovery_page_images=0 wal_page_image_records=732186 wal_page_delta_records=2690878 wal_syncs=37900 wal_sync_nanos=56320312118 dirty_pages=68448 logical_transactions=2265477
resource_sample label=window_10_end unix_ms=1790407471297 rss_kib=1729632 wal_bytes=4376712477 wal_committed_batches=2509114 wal_page_images=732186 retained_recovery_batches=0 retained_recovery_page_images=0 wal_page_image_records=732186 wal_page_delta_records=2894515 wal_syncs=41259 wal_sync_nanos=59383726947 dirty_pages=68448 logical_transactions=2469114
resource_sample label=window_11_end unix_ms=1790407481296 rss_kib=1735172 wal_bytes=4422273224 wal_committed_batches=2709394 wal_page_images=732186 retained_recovery_batches=0 retained_recovery_page_images=0 wal_page_image_records=732186 wal_page_delta_records=3094795 wal_syncs=44503 wal_sync_nanos=62333889964 dirty_pages=68448 logical_transactions=2669394
resource_sample label=measurement_end unix_ms=1790407481396 rss_kib=1668036 wal_bytes=4422273224 wal_committed_batches=2709394 wal_page_images=732186 retained_recovery_batches=0 retained_recovery_page_images=0 wal_page_image_records=732186 wal_page_delta_records=3094795 wal_syncs=44503 wal_sync_nanos=62333889964 dirty_pages=68448 logical_transactions=2669394
100%-write-64w-0r-width1-uniform                           rep=0 tx/s=    20440 mut/s=    20440 read/s=        0 agg/s=    20440 p50=  2958.3us p95=  4789.4us p99=  5993.2us groups=40360 avg_group=60.81
completed 1 scenarios x 1 repetitions
