phase0-bench engine=planned-blink build=release cpu="unknown" logical_cpus=2 tokio_workers=2 duration=120s warmup=10s repetitions=1
raw output: /tmp/dodb-phase-b-results/raw/sustained-phase-a-ckpt-ckpt1024m-14-w16-width1-uniform.jsonl
scenario                                                       repetition throughput summary
resource_sample label=seeded unix_ms=1790408270829 rss_kib=1157236 wal_bytes=104 wal_committed_batches=0 wal_page_images=0 retained_recovery_batches=0 retained_recovery_page_images=0 dirty_pages=0 logical_transactions=0
resource_sample label=measurement_start unix_ms=1790408280908 rss_kib=1367420 wal_bytes=170518760 wal_committed_batches=40369 wal_page_images=40369 retained_recovery_batches=0 retained_recovery_page_images=0 dirty_pages=30255 logical_transactions=40369
resource_sample label=window_00_end unix_ms=1790408290910 rss_kib=1499364 wal_bytes=351487592 wal_committed_batches=83212 wal_page_images=83212 retained_recovery_batches=0 retained_recovery_page_images=0 dirty_pages=47549 logical_transactions=83212
resource_sample label=window_01_end unix_ms=1790408300911 rss_kib=1573468 wal_bytes=534137576 wal_committed_batches=126453 wal_page_images=126453 retained_recovery_batches=0 retained_recovery_page_images=0 dirty_pages=56721 logical_transactions=126453
resource_sample label=window_02_end unix_ms=1790408310909 rss_kib=1616012 wal_bytes=715921640 wal_committed_batches=169489 wal_page_images=169489 retained_recovery_batches=0 retained_recovery_page_images=0 dirty_pages=61366 logical_transactions=169489
resource_sample label=window_03_end unix_ms=1790408320909 rss_kib=1643544 wal_bytes=896877800 wal_committed_batches=212329 wal_page_images=212329 retained_recovery_batches=0 retained_recovery_page_images=0 dirty_pages=63876 logical_transactions=212329
resource_sample label=window_04_end unix_ms=1790408333113 rss_kib=1660828 wal_bytes=104 wal_committed_batches=0 wal_page_images=0 retained_recovery_batches=0 retained_recovery_page_images=0 dirty_pages=0 logical_transactions=254201
resource_sample label=window_05_end unix_ms=1790408340910 rss_kib=1663724 wal_bytes=127957736 wal_committed_batches=30293 wal_page_images=30293 retained_recovery_batches=0 retained_recovery_page_images=0 dirty_pages=24365 logical_transactions=284494
resource_sample label=window_06_end unix_ms=1790408350911 rss_kib=1667448 wal_bytes=311304680 wal_committed_batches=73699 wal_page_images=73699 retained_recovery_batches=0 retained_recovery_page_images=0 dirty_pages=44601 logical_transactions=327900
resource_sample label=window_07_end unix_ms=1790408360910 rss_kib=1697128 wal_bytes=494368616 wal_committed_batches=117038 wal_page_images=117038 retained_recovery_batches=0 retained_recovery_page_images=0 dirty_pages=55175 logical_transactions=371239
resource_sample label=window_08_end unix_ms=1790408370910 rss_kib=1729268 wal_bytes=679139048 wal_committed_batches=160781 wal_page_images=160781 retained_recovery_batches=0 retained_recovery_page_images=0 dirty_pages=60716 logical_transactions=414982
resource_sample label=window_09_end unix_ms=1790408380910 rss_kib=1740724 wal_bytes=865518824 wal_committed_batches=204905 wal_page_images=204905 retained_recovery_batches=0 retained_recovery_page_images=0 dirty_pages=63589 logical_transactions=459106
resource_sample label=window_10_end unix_ms=1790408390909 rss_kib=1752168 wal_bytes=1049672552 wal_committed_batches=248502 wal_page_images=248502 retained_recovery_batches=0 retained_recovery_page_images=0 dirty_pages=65064 logical_transactions=502703
resource_sample label=window_11_end unix_ms=1790408400910 rss_kib=1755220 wal_bytes=96683240 wal_committed_batches=22889 wal_page_images=22889 retained_recovery_batches=0 retained_recovery_page_images=0 dirty_pages=19433 logical_transactions=531293
resource_sample label=measurement_end unix_ms=1790408400960 rss_kib=1755348 wal_bytes=96717032 wal_committed_batches=22897 wal_page_images=22897 retained_recovery_batches=0 retained_recovery_page_images=0 dirty_pages=19438 logical_transactions=531301
100%-write-16w-0r-width1-uniform                           rep=0 tx/s=     4091 mut/s=     4091 read/s=        0 agg/s=     4091 p50=  3617.5us p95=  5589.2us p99=  6936.5us groups=60758 avg_group= 8.08
completed 1 scenarios x 1 repetitions
