phase0-bench engine=planned-blink build=release cpu="unknown" logical_cpus=2 tokio_workers=2 duration=120s warmup=10s repetitions=1
raw output: /tmp/dodb-phase-b-results/raw/sustained-page-delta-ckpt-ckpt256m-14-w16-width1-uniform.jsonl
scenario                                                       repetition throughput summary
resource_sample label=seeded unix_ms=1790407812172 rss_kib=1159968 wal_bytes=104 wal_committed_batches=0 wal_page_images=0 retained_recovery_batches=0 retained_recovery_page_images=0 wal_page_image_records=732186 wal_page_delta_records=425401 wal_syncs=627 wal_sync_nanos=22190065149 dirty_pages=0 logical_transactions=0
resource_sample label=measurement_start unix_ms=1790407822249 rss_kib=1401140 wal_bytes=148900861 wal_committed_batches=48646 wal_page_images=34490 retained_recovery_batches=0 retained_recovery_page_images=0 wal_page_image_records=766676 wal_page_delta_records=439557 wal_syncs=6087 wal_sync_nanos=29680338105 dirty_pages=34490 logical_transactions=48646
resource_sample label=window_00_end unix_ms=1790407832256 rss_kib=1557104 wal_bytes=247191406 wal_committed_batches=117267 wal_page_images=55180 retained_recovery_batches=0 retained_recovery_page_images=0 wal_page_image_records=787366 wal_page_delta_records=487488 wal_syncs=13681 wal_sync_nanos=36377363312 dirty_pages=55180 logical_transactions=117267
resource_sample label=window_01_end unix_ms=1790407842258 rss_kib=1594176 wal_bytes=54748113 wal_committed_batches=14390 wal_page_images=12880 retained_recovery_batches=0 retained_recovery_page_images=0 wal_page_image_records=804046 wal_page_delta_records=511827 wal_syncs=18259 wal_sync_nanos=42153413817 dirty_pages=12880 logical_transactions=158286
resource_sample label=window_02_end unix_ms=1790407852257 rss_kib=1623388 wal_bytes=191815649 wal_committed_batches=71759 wal_page_images=43913 retained_recovery_batches=0 retained_recovery_page_images=0 wal_page_image_records=835079 wal_page_delta_records=538163 wal_syncs=24771 wal_sync_nanos=49189489356 dirty_pages=43913 logical_transactions=215655
resource_sample label=window_03_end unix_ms=1790407862257 rss_kib=1677168 wal_bytes=268014150 wal_committed_batches=143601 wal_page_images=58891 retained_recovery_batches=0 retained_recovery_page_images=0 wal_page_image_records=850057 wal_page_delta_records=595027 wal_syncs=32516 wal_sync_nanos=55766433667 dirty_pages=58891 logical_transactions=287497
resource_sample label=window_04_end unix_ms=1790407872257 rss_kib=1685880 wal_bytes=112140267 wal_committed_batches=33342 wal_page_images=26163 retained_recovery_batches=0 retained_recovery_page_images=0 wal_page_image_records=876290 wal_page_delta_records=602760 wal_syncs=36475 wal_sync_nanos=61636781882 dirty_pages=26163 logical_transactions=321463
resource_sample label=window_05_end unix_ms=1790407882257 rss_kib=1703452 wal_bytes=229263150 wal_committed_batches=99540 wal_page_images=51703 retained_recovery_batches=0 retained_recovery_page_images=0 wal_page_image_records=901830 wal_page_delta_records=643418 wal_syncs=43585 wal_sync_nanos=68378575671 dirty_pages=51703 logical_transactions=387661
resource_sample label=window_06_end unix_ms=1790407892257 rss_kib=1740524 wal_bytes=30096226 wal_committed_batches=7514 wal_page_images=7103 retained_recovery_batches=0 retained_recovery_page_images=0 wal_page_image_records=916200 wal_page_delta_records=681118 wal_syncs=48996 wal_sync_nanos=73480974460 dirty_pages=7103 logical_transactions=439731
resource_sample label=window_07_end unix_ms=1790407902256 rss_kib=1745988 wal_bytes=168173158 wal_committed_batches=58033 wal_page_images=38778 retained_recovery_batches=0 retained_recovery_page_images=0 wal_page_image_records=947875 wal_page_delta_records=699962 wal_syncs=54832 wal_sync_nanos=80801829213 dirty_pages=38778 logical_transactions=490250
resource_sample label=window_08_end unix_ms=1790407912256 rss_kib=1781176 wal_bytes=258932794 wal_committed_batches=131002 wal_page_images=57335 retained_recovery_batches=0 retained_recovery_page_images=0 wal_page_image_records=966432 wal_page_delta_records=754374 wal_syncs=62133 wal_sync_nanos=87269988591 dirty_pages=57335 logical_transactions=563219
resource_sample label=window_09_end unix_ms=1790407922258 rss_kib=1811724 wal_bytes=91554006 wal_committed_batches=25859 wal_page_images=21437 retained_recovery_batches=0 retained_recovery_page_images=0 wal_page_image_records=989520 wal_page_delta_records=769993 wal_syncs=66128 wal_sync_nanos=93039062028 dirty_pages=21437 logical_transactions=601926
resource_sample label=window_10_end unix_ms=1790407932256 rss_kib=1815980 wal_bytes=216479620 wal_committed_batches=89420 wal_page_images=49079 retained_recovery_batches=0 retained_recovery_page_images=0 wal_page_image_records=1017162 wal_page_delta_records=805912 wal_syncs=72931 wal_sync_nanos=99872518616 dirty_pages=49079 logical_transactions=665487
resource_sample label=window_11_end unix_ms=1790407942258 rss_kib=1820684 wal_bytes=992744 wal_committed_batches=235 wal_page_images=235 retained_recovery_batches=0 retained_recovery_page_images=0 wal_page_image_records=1027269 wal_page_delta_records=851033 wal_syncs=78836 wal_sync_nanos=104978693705 dirty_pages=235 logical_transactions=720715
resource_sample label=measurement_end unix_ms=1790407942308 rss_kib=1796584 wal_bytes=1005416 wal_committed_batches=238 wal_page_images=238 retained_recovery_batches=0 retained_recovery_page_images=0 wal_page_image_records=1027272 wal_page_delta_records=851033 wal_syncs=78837 wal_sync_nanos=104980053307 dirty_pages=238 logical_transactions=720718
100%-write-16w-0r-width1-uniform                           rep=0 tx/s=     5600 mut/s=     5600 read/s=        0 agg/s=     5600 p50=  2465.8us p95=  4461.0us p99=  6713.0us groups=72745 avg_group= 9.24
completed 1 scenarios x 1 repetitions
