phase0-bench engine=planned-blink build=release cpu="unknown" logical_cpus=2 tokio_workers=2 duration=120s warmup=10s repetitions=1
raw output: /tmp/dodb-phase-b-results/raw/sustained-phase-a-ckpt-ckpt256m-14-w16-width1-uniform.jsonl
scenario                                                       repetition throughput summary
resource_sample label=seeded unix_ms=1790407583918 rss_kib=1157264 wal_bytes=104 wal_committed_batches=0 wal_page_images=0 retained_recovery_batches=0 retained_recovery_page_images=0 dirty_pages=0 logical_transactions=0
resource_sample label=measurement_start unix_ms=1790407594011 rss_kib=1368300 wal_bytes=168229352 wal_committed_batches=39827 wal_page_images=39827 retained_recovery_batches=0 retained_recovery_page_images=0 dirty_pages=29946 logical_transactions=39827
resource_sample label=window_00_end unix_ms=1790407604014 rss_kib=1454576 wal_bytes=43862120 wal_committed_batches=10384 wal_page_images=10384 retained_recovery_batches=0 retained_recovery_page_images=0 dirty_pages=9608 logical_transactions=73936
resource_sample label=window_01_end unix_ms=1790407614012 rss_kib=1492984 wal_bytes=223373672 wal_committed_batches=52882 wal_page_images=52882 retained_recovery_batches=0 retained_recovery_page_images=0 dirty_pages=36519 logical_transactions=116434
resource_sample label=window_02_end unix_ms=1790407624013 rss_kib=1514588 wal_bytes=102710888 wal_committed_batches=24316 wal_page_images=24316 retained_recovery_batches=0 retained_recovery_page_images=0 dirty_pages=20299 logical_transactions=151422
resource_sample label=window_03_end unix_ms=1790407634550 rss_kib=1576120 wal_bytes=29672 wal_committed_batches=7 wal_page_images=7 retained_recovery_batches=0 retained_recovery_page_images=0 dirty_pages=7 logical_transactions=190662
resource_sample label=window_04_end unix_ms=1790407644012 rss_kib=1593908 wal_bytes=163777256 wal_committed_batches=38773 wal_page_images=38773 retained_recovery_batches=0 retained_recovery_page_images=0 dirty_pages=29350 logical_transactions=229435
resource_sample label=window_05_end unix_ms=1790407654013 rss_kib=1638968 wal_bytes=50713448 wal_committed_batches=12006 wal_page_images=12006 retained_recovery_batches=0 retained_recovery_page_images=0 dirty_pages=10995 logical_transactions=266226
resource_sample label=window_06_end unix_ms=1790407664014 rss_kib=1652480 wal_bytes=226005224 wal_committed_batches=53505 wal_page_images=53505 retained_recovery_batches=0 retained_recovery_page_images=0 dirty_pages=36784 logical_transactions=307725
resource_sample label=window_07_end unix_ms=1790407674012 rss_kib=1667468 wal_bytes=104501864 wal_committed_batches=24740 wal_page_images=24740 retained_recovery_batches=0 retained_recovery_page_images=0 dirty_pages=20701 logical_transactions=342517
resource_sample label=window_08_end unix_ms=1790407684404 rss_kib=1712224 wal_bytes=104 wal_committed_batches=0 wal_page_images=0 retained_recovery_batches=0 retained_recovery_page_images=0 dirty_pages=0 logical_transactions=381332
resource_sample label=window_09_end unix_ms=1790407694014 rss_kib=1714508 wal_bytes=164199656 wal_committed_batches=38873 wal_page_images=38873 retained_recovery_batches=0 retained_recovery_page_images=0 dirty_pages=29438 logical_transactions=420205
resource_sample label=window_10_end unix_ms=1790407704013 rss_kib=1718168 wal_bytes=40212584 wal_committed_batches=9520 wal_page_images=9520 retained_recovery_batches=0 retained_recovery_page_images=0 dirty_pages=8849 logical_transactions=454409
resource_sample label=window_11_end unix_ms=1790407714013 rss_kib=1720632 wal_bytes=232801640 wal_committed_batches=55114 wal_page_images=55114 retained_recovery_batches=0 retained_recovery_page_images=0 dirty_pages=37420 logical_transactions=500003
resource_sample label=measurement_end unix_ms=1790407714063 rss_kib=1720696 wal_bytes=232839656 wal_committed_batches=55123 wal_page_images=55123 retained_recovery_batches=0 retained_recovery_page_images=0 dirty_pages=37423 logical_transactions=500012
100%-write-16w-0r-width1-uniform                           rep=0 tx/s=     3835 mut/s=     3835 read/s=        0 agg/s=     3835 p50=  3633.4us p95=  5973.8us p99=  7781.4us groups=55505 avg_group= 8.29
completed 1 scenarios x 1 repetitions
