phase0-bench engine=planned-blink build=release cpu="unknown" logical_cpus=2 tokio_workers=2 duration=120s warmup=10s repetitions=1
raw output: /tmp/dodb-phase-b-results/raw/sustained-page-delta-nockpt-14-w16-width1-uniform.jsonl
scenario                                                       repetition throughput summary
resource_sample label=seeded unix_ms=1790407123987 rss_kib=1159868 wal_bytes=3815026440 wal_committed_batches=40000 wal_page_images=732186 retained_recovery_batches=0 retained_recovery_page_images=0 wal_page_image_records=732186 wal_page_delta_records=425401 wal_syncs=626 wal_sync_nanos=22324573026 dirty_pages=68448 logical_transactions=0
resource_sample label=measurement_start unix_ms=1790407134062 rss_kib=1233436 wal_bytes=3833809129 wal_committed_batches=122556 wal_page_images=732186 retained_recovery_batches=0 retained_recovery_page_images=0 wal_page_image_records=732186 wal_page_delta_records=507957 wal_syncs=9568 wal_sync_nanos=29163632612 dirty_pages=68448 logical_transactions=82556
resource_sample label=window_00_end unix_ms=1790407144064 rss_kib=1277380 wal_bytes=3852667144 wal_committed_batches=205463 wal_page_images=732186 retained_recovery_batches=0 retained_recovery_page_images=0 wal_page_image_records=732186 wal_page_delta_records=590864 wal_syncs=18514 wal_sync_nanos=35909841874 dirty_pages=68448 logical_transactions=165463
resource_sample label=window_01_end unix_ms=1790407154064 rss_kib=1300812 wal_bytes=3872150107 wal_committed_batches=291114 wal_page_images=732186 retained_recovery_batches=0 retained_recovery_page_images=0 wal_page_image_records=732186 wal_page_delta_records=676515 wal_syncs=27349 wal_sync_nanos=42538502842 dirty_pages=68448 logical_transactions=251114
resource_sample label=window_02_end unix_ms=1790407164064 rss_kib=1311916 wal_bytes=3891812742 wal_committed_batches=377549 wal_page_images=732186 retained_recovery_batches=0 retained_recovery_page_images=0 wal_page_image_records=732186 wal_page_delta_records=762950 wal_syncs=36165 wal_sync_nanos=49114082871 dirty_pages=68448 logical_transactions=337549
resource_sample label=window_03_end unix_ms=1790407174064 rss_kib=1343080 wal_bytes=3910757855 wal_committed_batches=460840 wal_page_images=732186 retained_recovery_batches=0 retained_recovery_page_images=0 wal_page_image_records=732186 wal_page_delta_records=846241 wal_syncs=44906 wal_sync_nanos=55788961534 dirty_pages=68448 logical_transactions=420840
resource_sample label=window_04_end unix_ms=1790407184064 rss_kib=1352832 wal_bytes=3931549110 wal_committed_batches=552238 wal_page_images=732186 retained_recovery_batches=0 retained_recovery_page_images=0 wal_page_image_records=732186 wal_page_delta_records=937639 wal_syncs=53542 wal_sync_nanos=62231117546 dirty_pages=68448 logical_transactions=512238
resource_sample label=window_05_end unix_ms=1790407194064 rss_kib=1355412 wal_bytes=3952752697 wal_committed_batches=645434 wal_page_images=732186 retained_recovery_batches=0 retained_recovery_page_images=0 wal_page_image_records=732186 wal_page_delta_records=1030835 wal_syncs=62069 wal_sync_nanos=68592706349 dirty_pages=68448 logical_transactions=605434
resource_sample label=window_06_end unix_ms=1790407204064 rss_kib=1373712 wal_bytes=3971620723 wal_committed_batches=728367 wal_page_images=732186 retained_recovery_batches=0 retained_recovery_page_images=0 wal_page_image_records=732186 wal_page_delta_records=1113768 wal_syncs=71096 wal_sync_nanos=75231190757 dirty_pages=68448 logical_transactions=688367
resource_sample label=window_07_end unix_ms=1790407214064 rss_kib=1379548 wal_bytes=3990312807 wal_committed_batches=810536 wal_page_images=732186 retained_recovery_batches=0 retained_recovery_page_images=0 wal_page_image_records=732186 wal_page_delta_records=1195937 wal_syncs=79934 wal_sync_nanos=81841450227 dirty_pages=68448 logical_transactions=770536
resource_sample label=window_08_end unix_ms=1790407224064 rss_kib=1393056 wal_bytes=4010633569 wal_committed_batches=899860 wal_page_images=732186 retained_recovery_batches=0 retained_recovery_page_images=0 wal_page_image_records=732186 wal_page_delta_records=1285261 wal_syncs=88572 wal_sync_nanos=88285956883 dirty_pages=68448 logical_transactions=859860
resource_sample label=window_09_end unix_ms=1790407234064 rss_kib=1397512 wal_bytes=4030709565 wal_committed_batches=988111 wal_page_images=732186 retained_recovery_batches=0 retained_recovery_page_images=0 wal_page_image_records=732186 wal_page_delta_records=1373512 wal_syncs=97117 wal_sync_nanos=94740348441 dirty_pages=68448 logical_transactions=948111
resource_sample label=window_10_end unix_ms=1790407244064 rss_kib=1400136 wal_bytes=4050574776 wal_committed_batches=1075430 wal_page_images=732186 retained_recovery_batches=0 retained_recovery_page_images=0 wal_page_image_records=732186 wal_page_delta_records=1460831 wal_syncs=105864 wal_sync_nanos=101206403685 dirty_pages=68448 logical_transactions=1035430
resource_sample label=window_11_end unix_ms=1790407254064 rss_kib=1406780 wal_bytes=4071436885 wal_committed_batches=1167133 wal_page_images=732186 retained_recovery_batches=0 retained_recovery_page_images=0 wal_page_image_records=732186 wal_page_delta_records=1552534 wal_syncs=114322 wal_sync_nanos=107555033979 dirty_pages=68448 logical_transactions=1127133
resource_sample label=measurement_end unix_ms=1790407254114 rss_kib=1406972 wal_bytes=4071438481 wal_committed_batches=1167140 wal_page_images=732186 retained_recovery_batches=0 retained_recovery_page_images=0 wal_page_image_records=732186 wal_page_delta_records=1552541 wal_syncs=114323 wal_sync_nanos=107556523221 dirty_pages=68448 logical_transactions=1127140
100%-write-16w-0r-width1-uniform                           rep=0 tx/s=     8704 mut/s=     8704 read/s=        0 agg/s=     8704 p50=  1964.1us p95=  2631.4us p99=  3379.9us groups=104755 avg_group= 9.97
completed 1 scenarios x 1 repetitions
