phase0-bench engine=planned-blink build=release cpu="unknown" logical_cpus=2 tokio_workers=2 duration=120s warmup=10s repetitions=1
raw output: /tmp/dodb-phase-b-results/raw/sustained-page-delta-ckpt-ckpt1024m-14-w16-width1-uniform.jsonl
scenario                                                       repetition throughput summary
resource_sample label=seeded unix_ms=1790408039304 rss_kib=1160008 wal_bytes=104 wal_committed_batches=0 wal_page_images=0 retained_recovery_batches=0 retained_recovery_page_images=0 wal_page_image_records=732186 wal_page_delta_records=425401 wal_syncs=627 wal_sync_nanos=22350672275 dirty_pages=0 logical_transactions=0
resource_sample label=measurement_start unix_ms=1790408049384 rss_kib=1392160 wal_bytes=143808959 wal_committed_batches=46288 wal_page_images=33350 retained_recovery_batches=0 retained_recovery_page_images=0 wal_page_image_records=765536 wal_page_delta_records=438339 wal_syncs=6067 wal_sync_nanos=30082728530 dirty_pages=33350 logical_transactions=46288
resource_sample label=window_00_end unix_ms=1790408059394 rss_kib=1558624 wal_bytes=247226668 wal_committed_batches=117300 wal_page_images=55187 retained_recovery_batches=0 retained_recovery_page_images=0 wal_page_image_records=787373 wal_page_delta_records=487514 wal_syncs=13977 wal_sync_nanos=36972772258 dirty_pages=55187 logical_transactions=117300
resource_sample label=window_01_end unix_ms=1790408069391 rss_kib=1632608 wal_bytes=296818002 wal_committed_batches=196057 wal_page_images=63113 retained_recovery_batches=0 retained_recovery_page_images=0 wal_page_image_records=795299 wal_page_delta_records=558345 wal_syncs=22164 wal_sync_nanos=43606111756 dirty_pages=63113 logical_transactions=196057
resource_sample label=window_02_end unix_ms=1790408079392 rss_kib=1664624 wal_bytes=325877848 wal_committed_batches=279524 wal_page_images=65634 retained_recovery_batches=0 retained_recovery_page_images=0 wal_page_image_records=797820 wal_page_delta_records=639291 wal_syncs=30423 wal_sync_nanos=50175139636 dirty_pages=65634 logical_transactions=279524
resource_sample label=window_03_end unix_ms=1790408089391 rss_kib=1706056 wal_bytes=347203245 wal_committed_batches=361028 wal_page_images=66331 retained_recovery_batches=0 retained_recovery_page_images=0 wal_page_image_records=798517 wal_page_delta_records=720098 wal_syncs=39087 wal_sync_nanos=56840880590 dirty_pages=66331 logical_transactions=361028
resource_sample label=window_04_end unix_ms=1790408099392 rss_kib=1725712 wal_bytes=367142425 wal_committed_batches=445041 wal_page_images=66538 retained_recovery_batches=0 retained_recovery_page_images=0 wal_page_image_records=798724 wal_page_delta_records=803904 wal_syncs=47762 wal_sync_nanos=63419372937 dirty_pages=66538 logical_transactions=445041
resource_sample label=window_05_end unix_ms=1790408109392 rss_kib=1729636 wal_bytes=388477452 wal_committed_batches=537834 wal_page_images=66594 retained_recovery_batches=0 retained_recovery_page_images=0 wal_page_image_records=798780 wal_page_delta_records=896641 wal_syncs=55909 wal_sync_nanos=69650881188 dirty_pages=66594 logical_transactions=537834
resource_sample label=window_06_end unix_ms=1790408119392 rss_kib=1746712 wal_bytes=410660222 wal_committed_batches=635005 wal_page_images=66613 retained_recovery_batches=0 retained_recovery_page_images=0 wal_page_image_records=798799 wal_page_delta_records=993793 wal_syncs=64055 wal_sync_nanos=75737771260 dirty_pages=66613 logical_transactions=635005
resource_sample label=window_07_end unix_ms=1790408129392 rss_kib=1749320 wal_bytes=431979774 wal_committed_batches=728577 wal_page_images=66621 retained_recovery_batches=0 retained_recovery_page_images=0 wal_page_image_records=798807 wal_page_delta_records=1087357 wal_syncs=72282 wal_sync_nanos=81917566274 dirty_pages=66621 logical_transactions=728577
resource_sample label=window_08_end unix_ms=1790408139392 rss_kib=1753432 wal_bytes=452444829 wal_committed_batches=818522 wal_page_images=66622 retained_recovery_batches=0 retained_recovery_page_images=0 wal_page_image_records=798808 wal_page_delta_records=1177301 wal_syncs=80742 wal_sync_nanos=88250860389 dirty_pages=66622 logical_transactions=818522
resource_sample label=window_09_end unix_ms=1790408149391 rss_kib=1755996 wal_bytes=473703087 wal_committed_batches=911971 wal_page_images=66622 retained_recovery_batches=0 retained_recovery_page_images=0 wal_page_image_records=798808 wal_page_delta_records=1270750 wal_syncs=88907 wal_sync_nanos=94447214249 dirty_pages=66622 logical_transactions=911971
resource_sample label=window_10_end unix_ms=1790408159392 rss_kib=1769772 wal_bytes=493419475 wal_committed_batches=998631 wal_page_images=66622 retained_recovery_batches=0 retained_recovery_page_images=0 wal_page_image_records=798808 wal_page_delta_records=1357410 wal_syncs=97522 wal_sync_nanos=100940277172 dirty_pages=66622 logical_transactions=998631
resource_sample label=window_11_end unix_ms=1790408169392 rss_kib=1772352 wal_bytes=514516614 wal_committed_batches=1091367 wal_page_images=66622 retained_recovery_batches=0 retained_recovery_page_images=0 wal_page_image_records=798808 wal_page_delta_records=1450146 wal_syncs=105745 wal_sync_nanos=107125307227 dirty_pages=66622 logical_transactions=1091367
resource_sample label=measurement_end unix_ms=1790408169443 rss_kib=1772416 wal_bytes=514516614 wal_committed_batches=1091367 wal_page_images=66622 retained_recovery_batches=0 retained_recovery_page_images=0 wal_page_image_records=798808 wal_page_delta_records=1450146 wal_syncs=105745 wal_sync_nanos=107125307227 dirty_pages=66622 logical_transactions=1091367
100%-write-16w-0r-width1-uniform                           rep=0 tx/s=     8707 mut/s=     8707 read/s=        0 agg/s=     8707 p50=  1939.3us p95=  2699.5us p99=  3635.7us groups=99678 avg_group=10.48
completed 1 scenarios x 1 repetitions
