phase0-bench engine=planned-blink build=release cpu="unknown" logical_cpus=2 tokio_workers=2 duration=120s warmup=10s repetitions=1
raw output: /tmp/dodb-phase-a-results/raw/sustained-retention-fixed-v2-14-rep1-w16-width1-uniform.jsonl
scenario                                                       repetition throughput summary
resource_sample label=seeded unix_ms=1790390513428 rss_kib=1157028 wal_bytes=4813651676 wal_committed_batches=40000 wal_page_images=1157587 retained_recovery_batches=0 retained_recovery_page_images=0 dirty_pages=68448 logical_transactions=0
resource_sample label=measurement_start unix_ms=1790390523506 rss_kib=1202308 wal_bytes=5001091676 wal_committed_batches=84375 wal_page_images=1201962 retained_recovery_batches=0 retained_recovery_page_images=0 dirty_pages=68448 logical_transactions=44375
resource_sample label=window_00_end unix_ms=1790390533509 rss_kib=1233388 wal_bytes=5178748892 wal_committed_batches=126434 wal_page_images=1244021 retained_recovery_batches=0 retained_recovery_page_images=0 dirty_pages=68448 logical_transactions=86434
resource_sample label=window_01_end unix_ms=1790390543511 rss_kib=1254020 wal_bytes=5360980700 wal_committed_batches=169576 wal_page_images=1287163 retained_recovery_batches=0 retained_recovery_page_images=0 dirty_pages=68448 logical_transactions=129576
resource_sample label=window_02_end unix_ms=1790390553510 rss_kib=1267548 wal_bytes=5543157596 wal_committed_batches=212705 wal_page_images=1330292 retained_recovery_batches=0 retained_recovery_page_images=0 dirty_pages=68448 logical_transactions=172705
resource_sample label=window_03_end unix_ms=1790390563509 rss_kib=1280424 wal_bytes=5722373468 wal_committed_batches=255133 wal_page_images=1372720 retained_recovery_batches=0 retained_recovery_page_images=0 dirty_pages=68448 logical_transactions=215133
resource_sample label=window_04_end unix_ms=1790390573508 rss_kib=1288572 wal_bytes=5905657052 wal_committed_batches=298524 wal_page_images=1416111 retained_recovery_batches=0 retained_recovery_page_images=0 dirty_pages=68448 logical_transactions=258524
resource_sample label=window_05_end unix_ms=1790390583510 rss_kib=1295056 wal_bytes=6088877276 wal_committed_batches=341900 wal_page_images=1459487 retained_recovery_batches=0 retained_recovery_page_images=0 dirty_pages=68448 logical_transactions=301900
resource_sample label=window_06_end unix_ms=1790390593509 rss_kib=1306428 wal_bytes=6270310748 wal_committed_batches=384853 wal_page_images=1502440 retained_recovery_batches=0 retained_recovery_page_images=0 dirty_pages=68448 logical_transactions=344853
resource_sample label=window_07_end unix_ms=1790390603508 rss_kib=1312836 wal_bytes=6452221532 wal_committed_batches=427919 wal_page_images=1545506 retained_recovery_batches=0 retained_recovery_page_images=0 dirty_pages=68448 logical_transactions=387919
resource_sample label=window_08_end unix_ms=1790390613510 rss_kib=1315356 wal_bytes=6634715228 wal_committed_batches=471123 wal_page_images=1588710 retained_recovery_batches=0 retained_recovery_page_images=0 dirty_pages=68448 logical_transactions=431123
resource_sample label=window_09_end unix_ms=1790390623510 rss_kib=1319316 wal_bytes=6820123484 wal_committed_batches=515017 wal_page_images=1632604 retained_recovery_batches=0 retained_recovery_page_images=0 dirty_pages=68448 logical_transactions=475017
resource_sample label=window_10_end unix_ms=1790390633509 rss_kib=1323028 wal_bytes=7003098716 wal_committed_batches=558335 wal_page_images=1675922 retained_recovery_batches=0 retained_recovery_page_images=0 dirty_pages=68448 logical_transactions=518335
resource_sample label=window_11_end unix_ms=1790390643508 rss_kib=1329496 wal_bytes=7185009500 wal_committed_batches=601401 wal_page_images=1718988 retained_recovery_batches=0 retained_recovery_page_images=0 dirty_pages=68448 logical_transactions=561401
resource_sample label=measurement_end unix_ms=1790390643559 rss_kib=1329688 wal_bytes=7185051740 wal_committed_batches=601411 wal_page_images=1718998 retained_recovery_batches=0 retained_recovery_page_images=0 dirty_pages=68448 logical_transactions=561411
100%-write-16w-0r-width1-uniform                           rep=0 tx/s=     4308 mut/s=     4308 read/s=        0 agg/s=     4308 p50=  3596.8us p95=  5330.0us p99=  7080.2us groups=63940 avg_group= 8.09
completed 1 scenarios x 1 repetitions
