phase0-bench engine=planned-blink build=release cpu="unknown" logical_cpus=2 tokio_workers=2 duration=120s warmup=10s repetitions=1
raw output: /tmp/dodb-phase-a-results/raw/sustained-retention-fixed-v2-15-rep1-w64-width1-uniform.jsonl
scenario                                                       repetition throughput summary
resource_sample label=seeded unix_ms=1790390745662 rss_kib=1156908 wal_bytes=4813651676 wal_committed_batches=40000 wal_page_images=1157587 retained_recovery_batches=0 retained_recovery_page_images=0 dirty_pages=68448 logical_transactions=0
resource_sample label=measurement_start unix_ms=1790390755743 rss_kib=1264920 wal_bytes=5274840668 wal_committed_batches=149183 wal_page_images=1266770 retained_recovery_batches=0 retained_recovery_page_images=0 dirty_pages=68448 logical_transactions=109183
resource_sample label=window_00_end unix_ms=1790390765750 rss_kib=1301568 wal_bytes=5704755164 wal_committed_batches=250962 wal_page_images=1368549 retained_recovery_batches=0 retained_recovery_page_images=0 dirty_pages=68448 logical_transactions=210962
resource_sample label=window_01_end unix_ms=1790390775749 rss_kib=1323340 wal_bytes=6142103900 wal_committed_batches=354501 wal_page_images=1472088 retained_recovery_batches=0 retained_recovery_page_images=0 dirty_pages=68448 logical_transactions=314501
resource_sample label=window_02_end unix_ms=1790390785748 rss_kib=1345144 wal_bytes=6573357404 wal_committed_batches=456597 wal_page_images=1574184 retained_recovery_batches=0 retained_recovery_page_images=0 dirty_pages=68448 logical_transactions=416597
resource_sample label=window_03_end unix_ms=1790390795748 rss_kib=1406164 wal_bytes=7001371100 wal_committed_batches=557926 wal_page_images=1675513 retained_recovery_batches=0 retained_recovery_page_images=0 dirty_pages=68448 logical_transactions=517926
resource_sample label=window_04_end unix_ms=1790390805748 rss_kib=1408660 wal_bytes=7430085980 wal_committed_batches=659421 wal_page_images=1777008 retained_recovery_batches=0 retained_recovery_page_images=0 dirty_pages=68448 logical_transactions=619421
resource_sample label=window_05_end unix_ms=1790390815745 rss_kib=1483880 wal_bytes=7857411164 wal_committed_batches=760587 wal_page_images=1878174 retained_recovery_batches=0 retained_recovery_page_images=0 dirty_pages=68448 logical_transactions=720587
resource_sample label=window_06_end unix_ms=1790390825745 rss_kib=1496176 wal_bytes=8275409756 wal_committed_batches=859545 wal_page_images=1977132 retained_recovery_batches=0 retained_recovery_page_images=0 dirty_pages=68448 logical_transactions=819545
resource_sample label=window_07_end unix_ms=1790390835749 rss_kib=1504792 wal_bytes=8706464732 wal_committed_batches=961594 wal_page_images=2079181 retained_recovery_batches=0 retained_recovery_page_images=0 dirty_pages=68448 logical_transactions=921594
resource_sample label=window_08_end unix_ms=1790390845745 rss_kib=1523092 wal_bytes=9136979036 wal_committed_batches=1063515 wal_page_images=2181102 retained_recovery_batches=0 retained_recovery_page_images=0 dirty_pages=68448 logical_transactions=1023515
resource_sample label=window_09_end unix_ms=1790390855747 rss_kib=1535808 wal_bytes=9564392924 wal_committed_batches=1164702 wal_page_images=2282289 retained_recovery_batches=0 retained_recovery_page_images=0 dirty_pages=68448 logical_transactions=1124702
resource_sample label=window_10_end unix_ms=1790390865749 rss_kib=1574320 wal_bytes=9993496412 wal_committed_batches=1266289 wal_page_images=2383876 retained_recovery_batches=0 retained_recovery_page_images=0 dirty_pages=68448 logical_transactions=1226289
resource_sample label=window_11_end unix_ms=1790390875747 rss_kib=1583984 wal_bytes=10428712028 wal_committed_batches=1369323 wal_page_images=2486910 retained_recovery_batches=0 retained_recovery_page_images=0 dirty_pages=68448 logical_transactions=1329323
resource_sample label=measurement_end unix_ms=1790390875798 rss_kib=1550860 wal_bytes=10428712028 wal_committed_batches=1369323 wal_page_images=2486910 retained_recovery_batches=0 retained_recovery_page_images=0 dirty_pages=68448 logical_transactions=1329323
100%-write-64w-0r-width1-uniform                           rep=0 tx/s=    10166 mut/s=    10166 read/s=        0 agg/s=    10166 p50=  5597.6us p95=  9809.3us p99= 13633.2us groups=19911 avg_group=61.28
completed 1 scenarios x 1 repetitions
