   Compiling proc-macro2 v1.0.107
   Compiling find-msvc-tools v0.1.14
   Compiling quote v1.0.47
   Compiling unicode-ident v1.0.26
   Compiling shlex v2.0.1
   Compiling semver v1.0.28
   Compiling libc v0.2.189
   Compiling pin-project-lite v0.2.17
   Compiling cc v1.5.1
   Compiling dodb-core v0.1.0 (/private/tmp/dodb-phase-h-baseline-local/crates/dodb-core)
   Compiling rustc_version v0.4.1
   Compiling crc32c v0.6.8
   Compiling libmimalloc-sys v0.1.49
   Compiling syn v3.0.6
   Compiling tokio-macros v2.7.2
   Compiling tokio v1.53.1
   Compiling mimalloc v0.1.52
   Compiling dodb-storage v0.1.0 (/private/tmp/dodb-phase-h-baseline-local/crates/dodb-storage)
   Compiling phase-g-crossver v0.1.0 (/private/tmp/dodb-phase-h-baseline-local/docs/experiments/results/wal-v3-phase-g/crossver)
    Finished `release` profile [optimized] target(s) in 12.22s
     Running `docs/experiments/results/wal-v3-phase-g/crossver/target/release/phase-g-crossver`
