cpu-disabled-09-rep1-serial-d-w64-width16-uniform: tx/s=2270 p99=53022us par_groups=0 fallback=0
cpu-disabled-09-rep1-par1-w64-width16-uniform: tx/s=2317 p99=52960us par_groups=221 fallback=1
cpu-disabled-09-rep1-par2-w64-width16-uniform: tx/s=2759 p99=42884us par_groups=255 fallback=2
cpu-disabled-09-rep1-phase-c-w64-width16-uniform: tx/s=2259 p99=46342us par_groups=0 fallback=0
cpu-disabled-10-rep1-par1-w64-width16-same-leaf-heavy: tx/s=14916 p99=6634us par_groups=1778 fallback=0
cpu-disabled-10-rep1-par2-w64-width16-same-leaf-heavy: tx/s=15731 p99=8675us par_groups=1893 fallback=0
cpu-disabled-10-rep1-phase-c-w64-width16-same-leaf-heavy: tx/s=14335 p99=6740us par_groups=0 fallback=0
cpu-disabled-10-rep1-serial-d-w64-width16-same-leaf-heavy: tx/s=14504 p99=6496us par_groups=0 fallback=0
cpu-disabled-11-rep1-par2-w64-width16-different-leaf-heavy: tx/s=8655 p99=14194us par_groups=779 fallback=0
cpu-disabled-11-rep1-phase-c-w64-width16-different-leaf-heavy: tx/s=8051 p99=14674us par_groups=0 fallback=0
cpu-disabled-11-rep1-serial-d-w64-width16-different-leaf-heavy: tx/s=7891 p99=15795us par_groups=0 fallback=0
cpu-disabled-11-rep1-par1-w64-width16-different-leaf-heavy: tx/s=8020 p99=16474us par_groups=841 fallback=0
cpu-disabled-09-rep2-par1-w64-width16-uniform: tx/s=2307 p99=52314us par_groups=188 fallback=3
cpu-disabled-09-rep2-par2-w64-width16-uniform: tx/s=2822 p99=43063us par_groups=244 fallback=3
cpu-disabled-09-rep2-phase-c-w64-width16-uniform: tx/s=2231 p99=59239us par_groups=0 fallback=0
cpu-disabled-09-rep2-serial-d-w64-width16-uniform: tx/s=2242 p99=48001us par_groups=0 fallback=0
cpu-disabled-10-rep2-par2-w64-width16-same-leaf-heavy: tx/s=15925 p99=7034us par_groups=1929 fallback=0
cpu-disabled-10-rep2-phase-c-w64-width16-same-leaf-heavy: tx/s=14298 p99=6703us par_groups=0 fallback=0
cpu-disabled-10-rep2-serial-d-w64-width16-same-leaf-heavy: tx/s=14148 p99=7717us par_groups=0 fallback=0
cpu-disabled-10-rep2-par1-w64-width16-same-leaf-heavy: tx/s=15168 p99=6494us par_groups=1783 fallback=0
cpu-disabled-11-rep2-phase-c-w64-width16-different-leaf-heavy: tx/s=7749 p99=14813us par_groups=0 fallback=0
cpu-disabled-11-rep2-serial-d-w64-width16-different-leaf-heavy: tx/s=7894 p99=14287us par_groups=0 fallback=0
cpu-disabled-11-rep2-par1-w64-width16-different-leaf-heavy: tx/s=8209 p99=14445us par_groups=773 fallback=0
cpu-disabled-11-rep2-par2-w64-width16-different-leaf-heavy: tx/s=8663 p99=16099us par_groups=820 fallback=0
cpu-disabled-09-rep3-par2-w64-width16-uniform: tx/s=2716 p99=55763us par_groups=238 fallback=1
cpu-disabled-09-rep3-phase-c-w64-width16-uniform: tx/s=2256 p99=54184us par_groups=0 fallback=0
cpu-disabled-09-rep3-serial-d-w64-width16-uniform: tx/s=2195 p99=55194us par_groups=0 fallback=0
cpu-disabled-09-rep3-par1-w64-width16-uniform: tx/s=2315 p99=54730us par_groups=201 fallback=0
cpu-disabled-10-rep3-phase-c-w64-width16-same-leaf-heavy: tx/s=13802 p99=7713us par_groups=0 fallback=0
cpu-disabled-10-rep3-serial-d-w64-width16-same-leaf-heavy: tx/s=14397 p99=7169us par_groups=0 fallback=0
cpu-disabled-10-rep3-par1-w64-width16-same-leaf-heavy: tx/s=14973 p99=6289us par_groups=1783 fallback=0
cpu-disabled-10-rep3-par2-w64-width16-same-leaf-heavy: tx/s=15637 p99=7630us par_groups=1916 fallback=0
cpu-disabled-11-rep3-serial-d-w64-width16-different-leaf-heavy: tx/s=7901 p99=15177us par_groups=0 fallback=0
cpu-disabled-11-rep3-par1-w64-width16-different-leaf-heavy: tx/s=8032 p99=14641us par_groups=724 fallback=0
cpu-disabled-11-rep3-par2-w64-width16-different-leaf-heavy: tx/s=8673 p99=13997us par_groups=794 fallback=0
cpu-disabled-11-rep3-phase-c-w64-width16-different-leaf-heavy: tx/s=7945 p99=15096us par_groups=0 fallback=0
