gate-real-00-rep1-phase-c-w16-width1-uniform: tx/s=7746 p99=3523us par_groups=0 fallback=0
gate-real-00-rep1-par2-w16-width1-uniform: tx/s=7608 p99=3405us par_groups=4474 fallback=0
gate-real-03-rep1-par2-w16-width16-uniform: tx/s=2075 p99=15122us par_groups=768 fallback=2
gate-real-03-rep1-phase-c-w16-width16-uniform: tx/s=1981 p99=15225us par_groups=0 fallback=0
gate-real-06-rep1-phase-c-w64-width1-uniform: tx/s=23394 p99=5618us par_groups=0 fallback=0
gate-real-06-rep1-par2-w64-width1-uniform: tx/s=25994 p99=4919us par_groups=2101 fallback=0
gate-real-09-rep1-par2-w64-width16-uniform: tx/s=2427 p99=49818us par_groups=198 fallback=1
gate-real-09-rep1-phase-c-w64-width16-uniform: tx/s=2038 p99=59018us par_groups=0 fallback=0
gate-real-10-rep1-phase-c-w64-width16-same-leaf-heavy: tx/s=10673 p99=9359us par_groups=0 fallback=0
gate-real-10-rep1-par2-w64-width16-same-leaf-heavy: tx/s=11742 p99=8888us par_groups=1391 fallback=0
gate-real-11-rep1-par2-w64-width16-different-leaf-heavy: tx/s=6514 p99=18720us par_groups=533 fallback=0
gate-real-11-rep1-phase-c-w64-width16-different-leaf-heavy: tx/s=6035 p99=20141us par_groups=0 fallback=0
gate-real-00-rep2-par2-w16-width1-uniform: tx/s=7644 p99=3369us par_groups=4379 fallback=0
gate-real-00-rep2-phase-c-w16-width1-uniform: tx/s=7818 p99=3667us par_groups=0 fallback=0
gate-real-03-rep2-phase-c-w16-width16-uniform: tx/s=1891 p99=16288us par_groups=0 fallback=0
gate-real-03-rep2-par2-w16-width16-uniform: tx/s=2279 p99=13323us par_groups=766 fallback=4
gate-real-06-rep2-par2-w64-width1-uniform: tx/s=25444 p99=5021us par_groups=2072 fallback=0
gate-real-06-rep2-phase-c-w64-width1-uniform: tx/s=23451 p99=5262us par_groups=0 fallback=0
gate-real-09-rep2-phase-c-w64-width16-uniform: tx/s=2026 p99=58640us par_groups=0 fallback=0
gate-real-09-rep2-par2-w64-width16-uniform: tx/s=2404 p99=48514us par_groups=191 fallback=3
gate-real-10-rep2-par2-w64-width16-same-leaf-heavy: tx/s=11726 p99=8872us par_groups=1370 fallback=0
gate-real-10-rep2-phase-c-w64-width16-same-leaf-heavy: tx/s=10750 p99=9145us par_groups=0 fallback=0
gate-real-11-rep2-phase-c-w64-width16-different-leaf-heavy: tx/s=5928 p99=19821us par_groups=0 fallback=0
gate-real-11-rep2-par2-w64-width16-different-leaf-heavy: tx/s=6566 p99=18347us par_groups=573 fallback=0
gate-real-00-rep3-phase-c-w16-width1-uniform: tx/s=7927 p99=3297us par_groups=0 fallback=0
gate-real-00-rep3-par2-w16-width1-uniform: tx/s=7526 p99=4488us par_groups=4389 fallback=0
gate-real-03-rep3-par2-w16-width16-uniform: tx/s=2177 p99=14401us par_groups=768 fallback=1
gate-real-03-rep3-phase-c-w16-width16-uniform: tx/s=1926 p99=16111us par_groups=0 fallback=0
gate-real-06-rep3-phase-c-w64-width1-uniform: tx/s=22980 p99=5242us par_groups=0 fallback=0
gate-real-06-rep3-par2-w64-width1-uniform: tx/s=25512 p99=5123us par_groups=2114 fallback=0
gate-real-09-rep3-par2-w64-width16-uniform: tx/s=2418 p99=48628us par_groups=203 fallback=0
gate-real-09-rep3-phase-c-w64-width16-uniform: tx/s=2030 p99=58422us par_groups=0 fallback=0
gate-real-10-rep3-phase-c-w64-width16-same-leaf-heavy: tx/s=10596 p99=9731us par_groups=0 fallback=0
gate-real-10-rep3-par2-w64-width16-same-leaf-heavy: tx/s=11897 p99=8562us par_groups=1404 fallback=0
gate-real-11-rep3-par2-w64-width16-different-leaf-heavy: tx/s=6048 p99=20138us par_groups=522 fallback=0
gate-real-11-rep3-phase-c-w64-width16-different-leaf-heavy: tx/s=6025 p99=19300us par_groups=0 fallback=0
